2026-02-27 17:59:51.630  6423-6453  SV[2347719...nActivity] com...e.yicameraprototype.dev.debug  I  aOrMT: VRI[MainActivity]@ae29e83 t = android.view.SurfaceControl$Transaction@a3b7bb7 fN = 91 android.view.SurfaceView.-$$Nest$mapplyOrMergeTransaction:0 android.view.SurfaceView$SurfaceViewPositionUpdateListener.positionChanged:1932 android.graphics.RenderNode$CompositePositionUpdateListener.positionChanged:401
2026-02-27 17:59:51.630  6423-6453  VRI[MainAc...y]@ae29e83 com...e.yicameraprototype.dev.debug  I  mWNT: t=0xb400007a96d73690 mBlastBufferQueue=0xb400007a86db57f0 fn= 91 HdrRenderState mRenderHdrSdrRatio=1.0 caller= android.view.SurfaceView.applyOrMergeTransaction:1863 android.view.SurfaceView.-$$Nest$mapplyOrMergeTransaction:0 android.view.SurfaceView$SurfaceViewPositionUpdateListener.positionChanged:1932
2026-02-27 17:59:51.631  6423-6469  VRI[MainAc...y]@ae29e83 com...e.yicameraprototype.dev.debug  I  mWNT: t=0xb400007a96d40390 mBlastBufferQueue=0xb400007a86db57f0 fn= 91 HdrRenderState mRenderHdrSdrRatio=1.0 caller= android.view.ViewRootImpl$10.onFrameDraw:6536 android.view.ViewRootImpl$4.onFrameDraw:2489 android.view.ThreadedRenderer$1.onFrameDraw:718
2026-02-27 17:59:51.636  6423-6423  SurfaceView             com...e.yicameraprototype.dev.debug  I  23477192 Changes: creating=false format=false size=false visible=false alpha=false hint=false left=false top=true z=false attached=true lifecycleStrategy=false
2026-02-27 17:59:51.636  6423-6423  SurfaceView             com...e.yicameraprototype.dev.debug  I  23477192 Cur surface: Surface(name=null mNativeObject=-5476376619560038208)/@0x5a5c6f2
2026-02-27 17:59:51.636  6423-6423  SurfaceComposerClient   com...e.yicameraprototype.dev.debug  D  setCornerRadius ## 1663bc8 SurfaceView[com.example.yicameraprototype.dev.debug/com.example.yicameraprototype.ui.MainActivity]@0#87553 cornerRadius=0.000000
2026-02-27 17:59:51.636  6423-6423  SV[2347719...nActivity] com...e.yicameraprototype.dev.debug  I  updateSurface: mVisible = true mSurface.isValid() = true
2026-02-27 17:59:51.636  6423-6423  SV[2347719...nActivity] com...e.yicameraprototype.dev.debug  I  updateSurface: mSurfaceCreated = true surfaceChanged = false visibleChanged = false
2026-02-27 17:59:51.636  6423-6423  SurfaceView             com...e.yicameraprototype.dev.debug  V  Layout: x=34 y=1000 w=1012 h=619, frame=Rect(0, 0 - 1012, 619)
2026-02-27 17:59:51.637  6423-6423  VRI[MainAc...y]@ae29e83 com...e.yicameraprototype.dev.debug  I  registerCallbackForPendingTransactions
2026-02-27 17:59:51.638  6423-6453  SurfaceView             com...e.yicameraprototype.dev.debug  D  23477192 updateSurfacePosition RenderWorker, frameNr = 92, position = [34, 979, 1046, 1598] surfaceSize = 1012x619
2026-02-27 17:59:51.638  6423-6453  SV[2347719...nActivity] com...e.yicameraprototype.dev.debug  I  uSP: rtp = Rect(34, 979 - 1046, 1598) rtsw = 1012 rtsh = 619
2026-02-27 17:59:51.638  6423-6453  SV[2347719...nActivity] com...e.yicameraprototype.dev.debug  I  onSSPAndSRT: pl = 34 pt = 979 sx = 1.0 sy = 1.0
2026-02-27 17:59:51.638  6423-6453  SV[2347719...nActivity] com...e.yicameraprototype.dev.debug  I  aOrMT: VRI[MainActivity]@ae29e83 t = android.view.SurfaceControl$Transaction@a3b7bb7 fN = 92 android.view.SurfaceView.-$$Nest$mapplyOrMergeTransaction:0 android.view.SurfaceView$SurfaceViewPositionUpdateListener.positionChanged:1932 android.graphics.RenderNode$CompositePositionUpdateListener.positionChanged:401
2026-02-27 17:59:51.638  6423-6453  VRI[MainAc...y]@ae29e83 com...e.yicameraprototype.dev.debug  I  mWNT: t=0xb400007a96d73690 mBlastBufferQueue=0xb400007a86db57f0 fn= 92 HdrRenderState mRenderHdrSdrRatio=1.0 caller= android.view.SurfaceView.applyOrMergeTransaction:1863 android.view.SurfaceView.-$$Nest$mapplyOrMergeTransaction:0 android.view.SurfaceView$SurfaceViewPositionUpdateListener.positionChanged:1932
2026-02-27 17:59:51.639  6423-6468  VRI[MainAc...y]@ae29e83 com...e.yicameraprototype.dev.debug  I  mWNT: t=0xb400007a96d3b150 mBlastBufferQueue=0xb400007a86db57f0 fn= 92 HdrRenderState mRenderHdrSdrRatio=1.0 caller= android.view.ViewRootImpl$10.onFrameDraw:6536 android.view.ViewRootImpl$4.onFrameDraw:2489 android.view.ThreadedRenderer$1.onFrameDraw:718
2026-02-27 17:59:51.656  6423-6423  SurfaceView             com...e.yicameraprototype.dev.debug  I  23477192 Changes: creating=false format=false size=false visible=false alpha=false hint=false left=false top=true z=false attached=true lifecycleStrategy=false
2026-02-27 17:59:51.656  6423-6423  SurfaceView             com...e.yicameraprototype.dev.debug  I  23477192 Cur surface: Surface(name=null mNativeObject=-5476376619560038208)/@0x5a5c6f2
2026-02-27 17:59:51.656  6423-6423  SurfaceComposerClient   com...e.yicameraprototype.dev.debug  D  setCornerRadius ## 1663bc8 SurfaceView[com.example.yicameraprototype.dev.debug/com.example.yicameraprototype.ui.MainActivity]@0#87553 cornerRadius=0.000000
2026-02-27 17:59:51.656  6423-6423  SV[2347719...nActivity] com...e.yicameraprototype.dev.debug  I  updateSurface: mVisible = true mSurface.isValid() = true
2026-02-27 17:59:51.656  6423-6423  SV[2347719...nActivity] com...e.yicameraprototype.dev.debug  I  updateSurface: mSurfaceCreated = true surfaceChanged = false visibleChanged = false
2026-02-27 17:59:51.656  6423-6423  SurfaceView             com...e.yicameraprototype.dev.debug  V  Layout: x=34 y=979 w=1012 h=619, frame=Rect(0, 0 - 1012, 619)
2026-02-27 17:59:51.656  6423-6423  VRI[MainAc...y]@ae29e83 com...e.yicameraprototype.dev.debug  I  registerCallbackForPendingTransactions
2026-02-27 17:59:51.658  6423-6453  SurfaceView             com...e.yicameraprototype.dev.debug  D  23477192 updateSurfacePosition RenderWorker, frameNr = 93, position = [34, 957, 1046, 1576] surfaceSize = 1012x619
2026-02-27 17:59:51.658  6423-6453  SV[2347719...nActivity] com...e.yicameraprototype.dev.debug  I  uSP: rtp = Rect(34, 957 - 1046, 1576) rtsw = 1012 rtsh = 619
2026-02-27 17:59:51.658  6423-6453  SV[2347719...nActivity] com...e.yicameraprototype.dev.debug  I  onSSPAndSRT: pl = 34 pt = 957 sx = 1.0 sy = 1.0
2026-02-27 17:59:51.658  6423-6453  SV[2347719...nActivity] com...e.yicameraprototype.dev.debug  I  aOrMT: VRI[MainActivity]@ae29e83 t = android.view.SurfaceControl$Transaction@a3b7bb7 fN = 93 android.view.SurfaceView.-$$Nest$mapplyOrMergeTransaction:0 android.view.SurfaceView$SurfaceViewPositionUpdateListener.positionChanged:1932 android.graphics.RenderNode$CompositePositionUpdateListener.positionChanged:401
2026-02-27 17:59:51.658  6423-6453  VRI[MainAc...y]@ae29e83 com...e.yicameraprototype.dev.debug  I  mWNT: t=0xb400007a96d73690 mBlastBufferQueue=0xb400007a86db57f0 fn= 93 HdrRenderState mRenderHdrSdrRatio=1.0 caller= android.view.SurfaceView.applyOrMergeTransaction:1863 android.view.SurfaceView.-$$Nest$mapplyOrMergeTransaction:0 android.view.SurfaceView$SurfaceViewPositionUpdateListener.positionChanged:1932
2026-02-27 17:59:51.659  6423-6469  VRI[MainAc...y]@ae29e83 com...e.yicameraprototype.dev.debug  I  mWNT: t=0xb400007a96d551d0 mBlastBufferQueue=0xb400007a86db57f0 fn= 93 HdrRenderState mRenderHdrSdrRatio=1.0 caller= android.view.ViewRootImpl$10.onFrameDraw:6536 android.view.ViewRootImpl$4.onFrameDraw:2489 android.view.ThreadedRenderer$1.onFrameDraw:718
2026-02-27 17:59:51.661  6423-6423  SurfaceView             com...e.yicameraprototype.dev.debug  I  23477192 Changes: creating=false format=false size=false visible=false alpha=false hint=false left=false top=true z=false attached=true lifecycleStrategy=false
2026-02-27 17:59:51.661  6423-6423  SurfaceView             com...e.yicameraprototype.dev.debug  I  23477192 Cur surface: Surface(name=null mNativeObject=-5476376619560038208)/@0x5a5c6f2
2026-02-27 17:59:51.661  6423-6423  SurfaceComposerClient   com...e.yicameraprototype.dev.debug  D  setCornerRadius ## 1663bc8 SurfaceView[com.example.yicameraprototype.dev.debug/com.example.yicameraprototype.ui.MainActivity]@0#87553 cornerRadius=0.000000
2026-02-27 17:59:51.661  6423-6423  SV[2347719...nActivity] com...e.yicameraprototype.dev.debug  I  updateSurface: mVisible = true mSurface.isValid() = true
2026-02-27 17:59:51.661  6423-6423  SV[2347719...nActivity] com...e.yicameraprototype.dev.debug  I  updateSurface: mSurfaceCreated = true surfaceChanged = false visibleChanged = false
2026-02-27 17:59:51.661  6423-6423  SurfaceView             com...e.yicameraprototype.dev.debug  V  Layout: x=34 y=957 w=1012 h=619, frame=Rect(0, 0 - 1012, 619)
2026-02-27 17:59:51.661  6423-6423  VRI[MainAc...y]@ae29e83 com...e.yicameraprototype.dev.debug  I  registerCallbackForPendingTransactions
2026-02-27 17:59:51.663  6423-6453  SurfaceView             com...e.yicameraprototype.dev.debug  D  23477192 updateSurfacePosition RenderWorker, frameNr = 94, position = [34, 914, 1046, 1533] surfaceSize = 1012x619
2026-02-27 17:59:51.663  6423-6453  SV[2347719...nActivity] com...e.yicameraprototype.dev.debug  I  uSP: rtp = Rect(34, 914 - 1046, 1533) rtsw = 1012 rtsh = 619
2026-02-27 17:59:51.663  6423-6453  SV[2347719...nActivity] com...e.yicameraprototype.dev.debug  I  onSSPAndSRT: pl = 34 pt = 914 sx = 1.0 sy = 1.0
2026-02-27 17:59:51.663  6423-6453  SV[2347719...nActivity] com...e.yicameraprototype.dev.debug  I  aOrMT: VRI[MainActivity]@ae29e83 t = android.view.SurfaceControl$Transaction@a3b7bb7 fN = 94 android.view.SurfaceView.-$$Nest$mapplyOrMergeTransaction:0 android.view.SurfaceView$SurfaceViewPositionUpdateListener.positionChanged:1932 android.graphics.RenderNode$CompositePositionUpdateListener.positionChanged:401
2026-02-27 17:59:51.663  6423-6453  VRI[MainAc...y]@ae29e83 com...e.yicameraprototype.dev.debug  I  mWNT: t=0xb400007a96d73690 mBlastBufferQueue=0xb400007a86db57f0 fn= 94 HdrRenderState mRenderHdrSdrRatio=1.0 caller= android.view.SurfaceView.applyOrMergeTransaction:1863 android.view.SurfaceView.-$$Nest$mapplyOrMergeTransaction:0 android.view.SurfaceView$SurfaceViewPositionUpdateListener.positionChanged:1932
2026-02-27 17:59:51.664  6423-6468  VRI[MainAc...y]@ae29e83 com...e.yicameraprototype.dev.debug  I  mWNT: t=0xb400007a96d4b990 mBlastBufferQueue=0xb400007a86db57f0 fn= 94 HdrRenderState mRenderHdrSdrRatio=1.0 caller= android.view.ViewRootImpl$10.onFrameDraw:6536 android.view.ViewRootImpl$4.onFrameDraw:2489 android.view.ThreadedRenderer$1.onFrameDraw:718
2026-02-27 17:59:51.667  6423-6423  SurfaceView             com...e.yicameraprototype.dev.debug  I  23477192 Changes: creating=false format=false size=false visible=false alpha=false hint=false left=false top=true z=false attached=true lifecycleStrategy=false
2026-02-27 17:59:51.667  6423-6423  SurfaceView             com...e.yicameraprototype.dev.debug  I  23477192 Cur surface: Surface(name=null mNativeObject=-5476376619560038208)/@0x5a5c6f2
2026-02-27 17:59:51.667  6423-6423  SurfaceComposerClient   com...e.yicameraprototype.dev.debug  D  setCornerRadius ## 1663bc8 SurfaceView[com.example.yicameraprototype.dev.debug/com.example.yicameraprototype.ui.MainActivity]@0#87553 cornerRadius=0.000000
2026-02-27 17:59:51.667  6423-6423  SV[2347719...nActivity] com...e.yicameraprototype.dev.debug  I  updateSurface: mVisible = true mSurface.isValid() = true
2026-02-27 17:59:51.667  6423-6423  SV[2347719...nActivity] com...e.yicameraprototype.dev.debug  I  updateSurface: mSurfaceCreated = true surfaceChanged = false visibleChanged = false
2026-02-27 17:59:51.667  6423-6423  SurfaceView             com...e.yicameraprototype.dev.debug  V  Layout: x=34 y=914 w=1012 h=619, frame=Rect(0, 0 - 1012, 619)
2026-02-27 17:59:51.667  6423-6423  VRI[MainAc...y]@ae29e83 com...e.yicameraprototype.dev.debug  I  registerCallbackForPendingTransactions
2026-02-27 17:59:51.669  6423-6453  SurfaceView             com...e.yicameraprototype.dev.debug  D  23477192 updateSurfacePosition RenderWorker, frameNr = 95, position = [34, 895, 1046, 1514] surfaceSize = 1012x619
2026-02-27 17:59:51.669  6423-6453  SV[2347719...nActivity] com...e.yicameraprototype.dev.debug  I  uSP: rtp = Rect(34, 895 - 1046, 1514) rtsw = 1012 rtsh = 619
2026-02-27 17:59:51.669  6423-6453  SV[2347719...nActivity] com...e.yicameraprototype.dev.debug  I  onSSPAndSRT: pl = 34 pt = 895 sx = 1.0 sy = 1.0
2026-02-27 17:59:51.669  6423-6453  SV[2347719...nActivity] com...e.yicameraprototype.dev.debug  I  aOrMT: VRI[MainActivity]@ae29e83 t = android.view.SurfaceControl$Transaction@a3b7bb7 fN = 95 android.view.SurfaceView.-$$Nest$mapplyOrMergeTransaction:0 android.view.SurfaceView$SurfaceViewPositionUpdateListener.positionChanged:1932 android.graphics.RenderNode$CompositePositionUpdateListener.positionChanged:401
2026-02-27 17:59:51.669  6423-6453  VRI[MainAc...y]@ae29e83 com...e.yicameraprototype.dev.debug  I  mWNT: t=0xb400007a96d73690 mBlastBufferQueue=0xb400007a86db57f0 fn= 95 HdrRenderState mRenderHdrSdrRatio=1.0 caller= android.view.SurfaceView.applyOrMergeTransaction:1863 android.view.SurfaceView.-$$Nest$mapplyOrMergeTransaction:0 android.view.SurfaceView$SurfaceViewPositionUpdateListener.positionChanged:1932
2026-02-27 17:59:51.670  6423-6469  VRI[MainAc...y]@ae29e83 com...e.yicameraprototype.dev.debug  I  mWNT: t=0xb400007a96d4b450 mBlastBufferQueue=0xb400007a86db57f0 fn= 95 HdrRenderState mRenderHdrSdrRatio=1.0 caller= android.view.ViewRootImpl$10.onFrameDraw:6536 android.view.ViewRootImpl$4.onFrameDraw:2489 android.view.ThreadedRenderer$1.onFrameDraw:718
2026-02-27 17:59:51.675  6423-6423  SurfaceView             com...e.yicameraprototype.dev.debug  I  23477192 Changes: creating=false format=false size=false visible=false alpha=false hint=false left=false top=true z=false attached=true lifecycleStrategy=false
2026-02-27 17:59:51.675  6423-6423  SurfaceView             com...e.yicameraprototype.dev.debug  I  23477192 Cur surface: Surface(name=null mNativeObject=-5476376619560038208)/@0x5a5c6f2
2026-02-27 17:59:51.675  6423-6423  SurfaceComposerClient   com...e.yicameraprototype.dev.debug  D  setCornerRadius ## 1663bc8 SurfaceView[com.example.yicameraprototype.dev.debug/com.example.yicameraprototype.ui.MainActivity]@0#87553 cornerRadius=0.000000
2026-02-27 17:59:51.676  6423-6423  SV[2347719...nActivity] com...e.yicameraprototype.dev.debug  I  updateSurface: mVisible = true mSurface.isValid() = true
2026-02-27 17:59:51.676  6423-6423  SV[2347719...nActivity] com...e.yicameraprototype.dev.debug  I  updateSurface: mSurfaceCreated = true surfaceChanged = false visibleChanged = false
2026-02-27 17:59:51.676  6423-6423  SurfaceView             com...e.yicameraprototype.dev.debug  V  Layout: x=34 y=895 w=1012 h=619, frame=Rect(0, 0 - 1012, 619)
2026-02-27 17:59:51.676  6423-6423  VRI[MainAc...y]@ae29e83 com...e.yicameraprototype.dev.debug  I  registerCallbackForPendingTransactions
2026-02-27 17:59:51.678  6423-6453  SurfaceView             com...e.yicameraprototype.dev.debug  D  23477192 updateSurfacePosition RenderWorker, frameNr = 96, position = [34, 876, 1046, 1495] surfaceSize = 1012x619
2026-02-27 17:59:51.678  6423-6453  SV[2347719...nActivity] com...e.yicameraprototype.dev.debug  I  uSP: rtp = Rect(34, 876 - 1046, 1495) rtsw = 1012 rtsh = 619
2026-02-27 17:59:51.678  6423-6453  SV[2347719...nActivity] com...e.yicameraprototype.dev.debug  I  onSSPAndSRT: pl = 34 pt = 876 sx = 1.0 sy = 1.0
2026-02-27 17:59:51.678  6423-6453  SV[2347719...nActivity] com...e.yicameraprototype.dev.debug  I  aOrMT: VRI[MainActivity]@ae29e83 t = android.view.SurfaceControl$Transaction@a3b7bb7 fN = 96 android.view.SurfaceView.-$$Nest$mapplyOrMergeTransaction:0 android.view.SurfaceView$SurfaceViewPositionUpdateListener.positionChanged:1932 android.graphics.RenderNode$CompositePositionUpdateListener.positionChanged:401
2026-02-27 17:59:51.678  6423-6453  VRI[MainAc...y]@ae29e83 com...e.yicameraprototype.dev.debug  I  mWNT: t=0xb400007a96d73690 mBlastBufferQueue=0xb400007a86db57f0 fn= 96 HdrRenderState mRenderHdrSdrRatio=1.0 caller= android.view.SurfaceView.applyOrMergeTransaction:1863 android.view.SurfaceView.-$$Nest$mapplyOrMergeTransaction:0 android.view.SurfaceView$SurfaceViewPositionUpdateListener.positionChanged:1932
2026-02-27 17:59:51.678  6423-6468  VRI[MainAc...y]@ae29e83 com...e.yicameraprototype.dev.debug  I  mWNT: t=0xb400007a96d4d3d0 mBlastBufferQueue=0xb400007a86db57f0 fn= 96 HdrRenderState mRenderHdrSdrRatio=1.0 caller= android.view.ViewRootImpl$10.onFrameDraw:6536 android.view.ViewRootImpl$4.onFrameDraw:2489 android.view.ThreadedRenderer$1.onFrameDraw:718
2026-02-27 17:59:51.684  6423-6423  SurfaceView             com...e.yicameraprototype.dev.debug  I  23477192 Changes: creating=false format=false size=false visible=false alpha=false hint=false left=false top=true z=false attached=true lifecycleStrategy=false
2026-02-27 17:59:51.684  6423-6423  SurfaceView             com...e.yicameraprototype.dev.debug  I  23477192 Cur surface: Surface(name=null mNativeObject=-5476376619560038208)/@0x5a5c6f2
2026-02-27 17:59:51.684  6423-6423  SurfaceComposerClient   com...e.yicameraprototype.dev.debug  D  setCornerRadius ## 1663bc8 SurfaceView[com.example.yicameraprototype.dev.debug/com.example.yicameraprototype.ui.MainActivity]@0#87553 cornerRadius=0.000000
2026-02-27 17:59:51.684  6423-6423  SV[2347719...nActivity] com...e.yicameraprototype.dev.debug  I  updateSurface: mVisible = true mSurface.isValid() = true
2026-02-27 17:59:51.684  6423-6423  SV[2347719...nActivity] com...e.yicameraprototype.dev.debug  I  updateSurface: mSurfaceCreated = true surfaceChanged = false visibleChanged = false
2026-02-27 17:59:51.684  6423-6423  SurfaceView             com...e.yicameraprototype.dev.debug  V  Layout: x=34 y=876 w=1012 h=619, frame=Rect(0, 0 - 1012, 619)
2026-02-27 17:59:51.684  6423-6423  VRI[MainAc...y]@ae29e83 com...e.yicameraprototype.dev.debug  I  registerCallbackForPendingTransactions
2026-02-27 17:59:51.686  6423-6453  SurfaceView             com...e.yicameraprototype.dev.debug  D  23477192 updateSurfacePosition RenderWorker, frameNr = 97, position = [34, 856, 1046, 1475] surfaceSize = 1012x619
2026-02-27 17:59:51.686  6423-6453  SV[2347719...nActivity] com...e.yicameraprototype.dev.debug  I  uSP: rtp = Rect(34, 856 - 1046, 1475) rtsw = 1012 rtsh = 619
2026-02-27 17:59:51.686  6423-6453  SV[2347719...nActivity] com...e.yicameraprototype.dev.debug  I  onSSPAndSRT: pl = 34 pt = 856 sx = 1.0 sy = 1.0
2026-02-27 17:59:51.686  6423-6453  SV[2347719...nActivity] com...e.yicameraprototype.dev.debug  I  aOrMT: VRI[MainActivity]@ae29e83 t = android.view.SurfaceControl$Transaction@a3b7bb7 fN = 97 android.view.SurfaceView.-$$Nest$mapplyOrMergeTransaction:0 android.view.SurfaceView$SurfaceViewPositionUpdateListener.positionChanged:1932 android.graphics.RenderNode$CompositePositionUpdateListener.positionChanged:401
2026-02-27 17:59:51.686  6423-6453  VRI[MainAc...y]@ae29e83 com...e.yicameraprototype.dev.debug  I  mWNT: t=0xb400007a96d73690 mBlastBufferQueue=0xb400007a86db57f0 fn= 97 HdrRenderState mRenderHdrSdrRatio=1.0 caller= android.view.SurfaceView.applyOrMergeTransaction:1863 android.view.SurfaceView.-$$Nest$mapplyOrMergeTransaction:0 android.view.SurfaceView$SurfaceViewPositionUpdateListener.positionChanged:1932
2026-02-27 17:59:51.686  6423-6469  VRI[MainAc...y]@ae29e83 com...e.yicameraprototype.dev.debug  I  mWNT: t=0xb400007a96d4c950 mBlastBufferQueue=0xb400007a86db57f0 fn= 97 HdrRenderState mRenderHdrSdrRatio=1.0 caller= android.view.ViewRootImpl$10.onFrameDraw:6536 android.view.ViewRootImpl$4.onFrameDraw:2489 android.view.ThreadedRenderer$1.onFrameDraw:718
2026-02-27 17:59:51.692  6423-6423  SurfaceView             com...e.yicameraprototype.dev.debug  I  23477192 Changes: creating=false format=false size=false visible=false alpha=false hint=false left=false top=true z=false attached=true lifecycleStrategy=false
2026-02-27 17:59:51.692  6423-6423  SurfaceView             com...e.yicameraprototype.dev.debug  I  23477192 Cur surface: Surface(name=null mNativeObject=-5476376619560038208)/@0x5a5c6f2
2026-02-27 17:59:51.692  6423-6423  SurfaceComposerClient   com...e.yicameraprototype.dev.debug  D  setCornerRadius ## 1663bc8 SurfaceView[com.example.yicameraprototype.dev.debug/com.example.yicameraprototype.ui.MainActivity]@0#87553 cornerRadius=0.000000
2026-02-27 17:59:51.692  6423-6423  SV[2347719...nActivity] com...e.yicameraprototype.dev.debug  I  updateSurface: mVisible = true mSurface.isValid() = true
2026-02-27 17:59:51.692  6423-6423  SV[2347719...nActivity] com...e.yicameraprototype.dev.debug  I  updateSurface: mSurfaceCreated = true surfaceChanged = false visibleChanged = false
2026-02-27 17:59:51.692  6423-6423  SurfaceView             com...e.yicameraprototype.dev.debug  V  Layout: x=34 y=856 w=1012 h=619, frame=Rect(0, 0 - 1012, 619)
2026-02-27 17:59:51.692  6423-6423  VRI[MainAc...y]@ae29e83 com...e.yicameraprototype.dev.debug  I  registerCallbackForPendingTransactions
2026-02-27 17:59:51.695  6423-6453  SurfaceView             com...e.yicameraprototype.dev.debug  D  23477192 updateSurfacePosition RenderWorker, frameNr = 98, position = [34, 839, 1046, 1458] surfaceSize = 1012x619
2026-02-27 17:59:51.695  6423-6453  SV[2347719...nActivity] com...e.yicameraprototype.dev.debug  I  uSP: rtp = Rect(34, 839 - 1046, 1458) rtsw = 1012 rtsh = 619
2026-02-27 17:59:51.695  6423-6453  SV[2347719...nActivity] com...e.yicameraprototype.dev.debug  I  onSSPAndSRT: pl = 34 pt = 839 sx = 1.0 sy = 1.0
2026-02-27 17:59:51.695  6423-6453  SV[2347719...nActivity] com...e.yicameraprototype.dev.debug  I  aOrMT: VRI[MainActivity]@ae29e83 t = android.view.SurfaceControl$Transaction@a3b7bb7 fN = 98 android.view.SurfaceView.-$$Nest$mapplyOrMergeTransaction:0 android.view.SurfaceView$SurfaceViewPositionUpdateListener.positionChanged:1932 android.graphics.RenderNode$CompositePositionUpdateListener.positionChanged:401
2026-02-27 17:59:51.695  6423-6453  VRI[MainAc...y]@ae29e83 com...e.yicameraprototype.dev.debug  I  mWNT: t=0xb400007a96d73690 mBlastBufferQueue=0xb400007a86db57f0 fn= 98 HdrRenderState mRenderHdrSdrRatio=1.0 caller= android.view.SurfaceView.applyOrMergeTransaction:1863 android.view.SurfaceView.-$$Nest$mapplyOrMergeTransaction:0 android.view.SurfaceView$SurfaceViewPositionUpdateListener.positionChanged:1932
2026-02-27 17:59:51.695  6423-6468  VRI[MainAc...y]@ae29e83 com...e.yicameraprototype.dev.debug  I  mWNT: t=0xb400007a96d4e010 mBlastBufferQueue=0xb400007a86db57f0 fn= 98 HdrRenderState mRenderHdrSdrRatio=1.0 caller= android.view.ViewRootImpl$10.onFrameDraw:6536 android.view.ViewRootImpl$4.onFrameDraw:2489 android.view.ThreadedRenderer$1.onFrameDraw:718
2026-02-27 17:59:51.703  6423-6423  SurfaceView             com...e.yicameraprototype.dev.debug  I  23477192 Changes: creating=false format=false size=false visible=false alpha=false hint=false left=false top=true z=false attached=true lifecycleStrategy=false
2026-02-27 17:59:51.703  6423-6423  SurfaceView             com...e.yicameraprototype.dev.debug  I  23477192 Cur surface: Surface(name=null mNativeObject=-5476376619560038208)/@0x5a5c6f2
2026-02-27 17:59:51.703  6423-6423  SurfaceComposerClient   com...e.yicameraprototype.dev.debug  D  setCornerRadius ## 1663bc8 SurfaceView[com.example.yicameraprototype.dev.debug/com.example.yicameraprototype.ui.MainActivity]@0#87553 cornerRadius=0.000000
2026-02-27 17:59:51.703  6423-6423  SV[2347719...nActivity] com...e.yicameraprototype.dev.debug  I  updateSurface: mVisible = true mSurface.isValid() = true
2026-02-27 17:59:51.703  6423-6423  SV[2347719...nActivity] com...e.yicameraprototype.dev.debug  I  updateSurface: mSurfaceCreated = true surfaceChanged = false visibleChanged = false
2026-02-27 17:59:51.703  6423-6423  SurfaceView             com...e.yicameraprototype.dev.debug  V  Layout: x=34 y=839 w=1012 h=619, frame=Rect(0, 0 - 1012, 619)
2026-02-27 17:59:51.703  6423-6423  VRI[MainAc...y]@ae29e83 com...e.yicameraprototype.dev.debug  I  registerCallbackForPendingTransactions
2026-02-27 17:59:51.705  6423-6453  SurfaceView             com...e.yicameraprototype.dev.debug  D  23477192 updateSurfacePosition RenderWorker, frameNr = 99, position = [34, 822, 1046, 1441] surfaceSize = 1012x619
2026-02-27 17:59:51.705  6423-6453  SV[2347719...nActivity] com...e.yicameraprototype.dev.debug  I  uSP: rtp = Rect(34, 822 - 1046, 1441) rtsw = 1012 rtsh = 619
2026-02-27 17:59:51.705  6423-6453  SV[2347719...nActivity] com...e.yicameraprototype.dev.debug  I  onSSPAndSRT: pl = 34 pt = 822 sx = 1.0 sy = 1.0
2026-02-27 17:59:51.705  6423-6453  SV[2347719...nActivity] com...e.yicameraprototype.dev.debug  I  aOrMT: VRI[MainActivity]@ae29e83 t = android.view.SurfaceControl$Transaction@a3b7bb7 fN = 99 android.view.SurfaceView.-$$Nest$mapplyOrMergeTransaction:0 android.view.SurfaceView$SurfaceViewPositionUpdateListener.positionChanged:1932 android.graphics.RenderNode$CompositePositionUpdateListener.positionChanged:401
2026-02-27 17:59:51.705  6423-6453  VRI[MainAc...y]@ae29e83 com...e.yicameraprototype.dev.debug  I  mWNT: t=0xb400007a96d73690 mBlastBufferQueue=0xb400007a86db57f0 fn= 99 HdrRenderState mRenderHdrSdrRatio=1.0 caller= android.view.SurfaceView.applyOrMergeTransaction:1863 android.view.SurfaceView.-$$Nest$mapplyOrMergeTransaction:0 android.view.SurfaceView$SurfaceViewPositionUpdateListener.positionChanged:1932
2026-02-27 17:59:51.705  6423-6469  VRI[MainAc...y]@ae29e83 com...e.yicameraprototype.dev.debug  I  mWNT: t=0xb400007a96d49690 mBlastBufferQueue=0xb400007a86db57f0 fn= 99 HdrRenderState mRenderHdrSdrRatio=1.0 caller= android.view.ViewRootImpl$10.onFrameDraw:6536 android.view.ViewRootImpl$4.onFrameDraw:2489 android.view.ThreadedRenderer$1.onFrameDraw:718
2026-02-27 17:59:51.715  6423-6423  SurfaceView             com...e.yicameraprototype.dev.debug  I  23477192 Changes: creating=false format=false size=false visible=false alpha=false hint=false left=false top=true z=false attached=true lifecycleStrategy=false
2026-02-27 17:59:51.715  6423-6423  SurfaceView             com...e.yicameraprototype.dev.debug  I  23477192 Cur surface: Surface(name=null mNativeObject=-5476376619560038208)/@0x5a5c6f2
2026-02-27 17:59:51.715  6423-6423  SurfaceComposerClient   com...e.yicameraprototype.dev.debug  D  setCornerRadius ## 1663bc8 SurfaceView[com.example.yicameraprototype.dev.debug/com.example.yicameraprototype.ui.MainActivity]@0#87553 cornerRadius=0.000000
2026-02-27 17:59:51.716  6423-6423  SV[2347719...nActivity] com...e.yicameraprototype.dev.debug  I  updateSurface: mVisible = true mSurface.isValid() = true
2026-02-27 17:59:51.716  6423-6423  SV[2347719...nActivity] com...e.yicameraprototype.dev.debug  I  updateSurface: mSurfaceCreated = true surfaceChanged = false visibleChanged = false
2026-02-27 17:59:51.716  6423-6423  SurfaceView             com...e.yicameraprototype.dev.debug  V  Layout: x=34 y=822 w=1012 h=619, frame=Rect(0, 0 - 1012, 619)
2026-02-27 17:59:51.716  6423-6423  VRI[MainAc...y]@ae29e83 com...e.yicameraprototype.dev.debug  I  registerCallbackForPendingTransactions
2026-02-27 17:59:51.717  6423-6453  SurfaceView             com...e.yicameraprototype.dev.debug  D  23477192 updateSurfacePosition RenderWorker, frameNr = 100, position = [34, 819, 1046, 1441] surfaceSize = 1012x619
2026-02-27 17:59:51.717  6423-6453  SV[2347719...nActivity] com...e.yicameraprototype.dev.debug  I  uSP: rtp = Rect(34, 819 - 1046, 1441) rtsw = 1012 rtsh = 619
2026-02-27 17:59:51.717  6423-6453  SV[2347719...nActivity] com...e.yicameraprototype.dev.debug  I  onSSPAndSRT: pl = 34 pt = 819 sx = 1.0 sy = 1.0048466
2026-02-27 17:59:51.717  6423-6453  SV[2347719...nActivity] com...e.yicameraprototype.dev.debug  I  aOrMT: VRI[MainActivity]@ae29e83 t = android.view.SurfaceControl$Transaction@a3b7bb7 fN = 100 android.view.SurfaceView.-$$Nest$mapplyOrMergeTransaction:0 android.view.SurfaceView$SurfaceViewPositionUpdateListener.positionChanged:1932 android.graphics.RenderNode$CompositePositionUpdateListener.positionChanged:401
2026-02-27 17:59:51.717  6423-6453  VRI[MainAc...y]@ae29e83 com...e.yicameraprototype.dev.debug  I  mWNT: t=0xb400007a96d73690 mBlastBufferQueue=0xb400007a86db57f0 fn= 100 HdrRenderState mRenderHdrSdrRatio=1.0 caller= android.view.SurfaceView.applyOrMergeTransaction:1863 android.view.SurfaceView.-$$Nest$mapplyOrMergeTransaction:0 android.view.SurfaceView$SurfaceViewPositionUpdateListener.positionChanged:1932
2026-02-27 17:59:51.717  6423-6468  VRI[MainAc...y]@ae29e83 com...e.yicameraprototype.dev.debug  I  mWNT: t=0xb400007a96d4dc90 mBlastBufferQueue=0xb400007a86db57f0 fn= 100 HdrRenderState mRenderHdrSdrRatio=1.0 caller= android.view.ViewRootImpl$10.onFrameDraw:6536 android.view.ViewRootImpl$4.onFrameDraw:2489 android.view.ThreadedRenderer$1.onFrameDraw:718
2026-02-27 17:59:51.725  6423-6453  SurfaceView             com...e.yicameraprototype.dev.debug  D  23477192 updateSurfacePosition RenderWorker, frameNr = 101, position = [34, 816, 1046, 1441] surfaceSize = 1012x619
2026-02-27 17:59:51.725  6423-6453  SV[2347719...nActivity] com...e.yicameraprototype.dev.debug  I  uSP: rtp = Rect(34, 816 - 1046, 1441) rtsw = 1012 rtsh = 619
2026-02-27 17:59:51.725  6423-6453  SV[2347719...nActivity] com...e.yicameraprototype.dev.debug  I  onSSPAndSRT: pl = 34 pt = 816 sx = 1.0 sy = 1.009693
2026-02-27 17:59:51.725  6423-6453  SV[2347719...nActivity] com...e.yicameraprototype.dev.debug  I  aOrMT: VRI[MainActivity]@ae29e83 t = android.view.SurfaceControl$Transaction@a3b7bb7 fN = 101 android.view.SurfaceView.-$$Nest$mapplyOrMergeTransaction:0 android.view.SurfaceView$SurfaceViewPositionUpdateListener.positionChanged:1932 android.graphics.RenderNode$CompositePositionUpdateListener.positionChanged:401
2026-02-27 17:59:51.725  6423-6453  VRI[MainAc...y]@ae29e83 com...e.yicameraprototype.dev.debug  I  mWNT: t=0xb400007a96d73690 mBlastBufferQueue=0xb400007a86db57f0 fn= 101 HdrRenderState mRenderHdrSdrRatio=1.0 caller= android.view.SurfaceView.applyOrMergeTransaction:1863 android.view.SurfaceView.-$$Nest$mapplyOrMergeTransaction:0 android.view.SurfaceView$SurfaceViewPositionUpdateListener.positionChanged:1932
2026-02-27 17:59:51.733  6423-6453  SurfaceView             com...e.yicameraprototype.dev.debug  D  23477192 updateSurfacePosition RenderWorker, frameNr = 102, position = [34, 815, 1046, 1441] surfaceSize = 1012x619
2026-02-27 17:59:51.733  6423-6453  SV[2347719...nActivity] com...e.yicameraprototype.dev.debug  I  uSP: rtp = Rect(34, 815 - 1046, 1441) rtsw = 1012 rtsh = 619
2026-02-27 17:59:51.733  6423-6453  SV[2347719...nActivity] com...e.yicameraprototype.dev.debug  I  onSSPAndSRT: pl = 34 pt = 815 sx = 1.0 sy = 1.0113086
2026-02-27 17:59:51.733  6423-6453  SV[2347719...nActivity] com...e.yicameraprototype.dev.debug  I  aOrMT: VRI[MainActivity]@ae29e83 t = android.view.SurfaceControl$Transaction@a3b7bb7 fN = 102 android.view.SurfaceView.-$$Nest$mapplyOrMergeTransaction:0 android.view.SurfaceView$SurfaceViewPositionUpdateListener.positionChanged:1932 android.graphics.RenderNode$CompositePositionUpdateListener.positionChanged:401
2026-02-27 17:59:51.733  6423-6453  VRI[MainAc...y]@ae29e83 com...e.yicameraprototype.dev.debug  I  mWNT: t=0xb400007a96d73690 mBlastBufferQueue=0xb400007a86db57f0 fn= 102 HdrRenderState mRenderHdrSdrRatio=1.0 caller= android.view.SurfaceView.applyOrMergeTransaction:1863 android.view.SurfaceView.-$$Nest$mapplyOrMergeTransaction:0 android.view.SurfaceView$SurfaceViewPositionUpdateListener.positionChanged:1932
2026-02-27 17:59:51.742  6423-6453  SurfaceView             com...e.yicameraprototype.dev.debug  D  23477192 updateSurfacePosition RenderWorker, frameNr = 103, position = [34, 814, 1046, 1441] surfaceSize = 1012x619
2026-02-27 17:59:51.742  6423-6453  SV[2347719...nActivity] com...e.yicameraprototype.dev.debug  I  uSP: rtp = Rect(34, 814 - 1046, 1441) rtsw = 1012 rtsh = 619
2026-02-27 17:59:51.742  6423-6453  SV[2347719...nActivity] com...e.yicameraprototype.dev.debug  I  onSSPAndSRT: pl = 34 pt = 814 sx = 1.0 sy = 1.0129241
2026-02-27 17:59:51.742  6423-6453  SV[2347719...nActivity] com...e.yicameraprototype.dev.debug  I  aOrMT: VRI[MainActivity]@ae29e83 t = android.view.SurfaceControl$Transaction@a3b7bb7 fN = 103 android.view.SurfaceView.-$$Nest$mapplyOrMergeTransaction:0 android.view.SurfaceView$SurfaceViewPositionUpdateListener.positionChanged:1932 android.graphics.RenderNode$CompositePositionUpdateListener.positionChanged:401
2026-02-27 17:59:51.742  6423-6453  VRI[MainAc...y]@ae29e83 com...e.yicameraprototype.dev.debug  I  mWNT: t=0xb400007a96d73690 mBlastBufferQueue=0xb400007a86db57f0 fn= 103 HdrRenderState mRenderHdrSdrRatio=1.0 caller= android.view.SurfaceView.applyOrMergeTransaction:1863 android.view.SurfaceView.-$$Nest$mapplyOrMergeTransaction:0 android.view.SurfaceView$SurfaceViewPositionUpdateListener.positionChanged:1932
2026-02-27 17:59:51.775  6423-6453  SurfaceView             com...e.yicameraprototype.dev.debug  D  23477192 updateSurfacePosition RenderWorker, frameNr = 107, position = [34, 815, 1046, 1441] surfaceSize = 1012x619
2026-02-27 17:59:51.775  6423-6453  SV[2347719...nActivity] com...e.yicameraprototype.dev.debug  I  uSP: rtp = Rect(34, 815 - 1046, 1441) rtsw = 1012 rtsh = 619
2026-02-27 17:59:51.775  6423-6453  SV[2347719...nActivity] com...e.yicameraprototype.dev.debug  I  onSSPAndSRT: pl = 34 pt = 815 sx = 1.0 sy = 1.0113086
2026-02-27 17:59:51.775  6423-6453  SV[2347719...nActivity] com...e.yicameraprototype.dev.debug  I  aOrMT: VRI[MainActivity]@ae29e83 t = android.view.SurfaceControl$Transaction@a3b7bb7 fN = 107 android.view.SurfaceView.-$$Nest$mapplyOrMergeTransaction:0 android.view.SurfaceView$SurfaceViewPositionUpdateListener.positionChanged:1932 android.graphics.RenderNode$CompositePositionUpdateListener.positionChanged:401
2026-02-27 17:59:51.775  6423-6453  VRI[MainAc...y]@ae29e83 com...e.yicameraprototype.dev.debug  I  mWNT: t=0xb400007a96d73690 mBlastBufferQueue=0xb400007a86db57f0 fn= 107 HdrRenderState mRenderHdrSdrRatio=1.0 caller= android.view.SurfaceView.applyOrMergeTransaction:1863 android.view.SurfaceView.-$$Nest$mapplyOrMergeTransaction:0 android.view.SurfaceView$SurfaceViewPositionUpdateListener.positionChanged:1932
2026-02-27 17:59:51.792  6423-6453  SurfaceView             com...e.yicameraprototype.dev.debug  D  23477192 updateSurfacePosition RenderWorker, frameNr = 109, position = [34, 816, 1046, 1441] surfaceSize = 1012x619
2026-02-27 17:59:51.792  6423-6453  SV[2347719...nActivity] com...e.yicameraprototype.dev.debug  I  uSP: rtp = Rect(34, 816 - 1046, 1441) rtsw = 1012 rtsh = 619
2026-02-27 17:59:51.792  6423-6453  SV[2347719...nActivity] com...e.yicameraprototype.dev.debug  I  onSSPAndSRT: pl = 34 pt = 816 sx = 1.0 sy = 1.009693
2026-02-27 17:59:51.792  6423-6453  SV[2347719...nActivity] com...e.yicameraprototype.dev.debug  I  aOrMT: VRI[MainActivity]@ae29e83 t = android.view.SurfaceControl$Transaction@a3b7bb7 fN = 109 android.view.SurfaceView.-$$Nest$mapplyOrMergeTransaction:0 android.view.SurfaceView$SurfaceViewPositionUpdateListener.positionChanged:1932 android.graphics.RenderNode$CompositePositionUpdateListener.positionChanged:401
2026-02-27 17:59:51.792  6423-6453  VRI[MainAc...y]@ae29e83 com...e.yicameraprototype.dev.debug  I  mWNT: t=0xb400007a96d73690 mBlastBufferQueue=0xb400007a86db57f0 fn= 109 HdrRenderState mRenderHdrSdrRatio=1.0 caller= android.view.SurfaceView.applyOrMergeTransaction:1863 android.view.SurfaceView.-$$Nest$mapplyOrMergeTransaction:0 android.view.SurfaceView$SurfaceViewPositionUpdateListener.positionChanged:1932
2026-02-27 17:59:51.809  6423-6453  SurfaceView             com...e.yicameraprototype.dev.debug  D  23477192 updateSurfacePosition RenderWorker, frameNr = 111, position = [34, 817, 1046, 1441] surfaceSize = 1012x619
2026-02-27 17:59:51.809  6423-6453  SV[2347719...nActivity] com...e.yicameraprototype.dev.debug  I  uSP: rtp = Rect(34, 817 - 1046, 1441) rtsw = 1012 rtsh = 619
2026-02-27 17:59:51.809  6423-6453  SV[2347719...nActivity] com...e.yicameraprototype.dev.debug  I  onSSPAndSRT: pl = 34 pt = 817 sx = 1.0 sy = 1.0080775
2026-02-27 17:59:51.809  6423-6453  SV[2347719...nActivity] com...e.yicameraprototype.dev.debug  I  aOrMT: VRI[MainActivity]@ae29e83 t = android.view.SurfaceControl$Transaction@a3b7bb7 fN = 111 android.view.SurfaceView.-$$Nest$mapplyOrMergeTransaction:0 android.view.SurfaceView$SurfaceViewPositionUpdateListener.positionChanged:1932 android.graphics.RenderNode$CompositePositionUpdateListener.positionChanged:401
2026-02-27 17:59:51.809  6423-6453  VRI[MainAc...y]@ae29e83 com...e.yicameraprototype.dev.debug  I  mWNT: t=0xb400007a96d73690 mBlastBufferQueue=0xb400007a86db57f0 fn= 111 HdrRenderState mRenderHdrSdrRatio=1.0 caller= android.view.SurfaceView.applyOrMergeTransaction:1863 android.view.SurfaceView.-$$Nest$mapplyOrMergeTransaction:0 android.view.SurfaceView$SurfaceViewPositionUpdateListener.positionChanged:1932
2026-02-27 17:59:51.825  6423-6453  SurfaceView             com...e.yicameraprototype.dev.debug  D  23477192 updateSurfacePosition RenderWorker, frameNr = 113, position = [34, 818, 1046, 1441] surfaceSize = 1012x619
2026-02-27 17:59:51.825  6423-6453  SV[2347719...nActivity] com...e.yicameraprototype.dev.debug  I  uSP: rtp = Rect(34, 818 - 1046, 1441) rtsw = 1012 rtsh = 619
2026-02-27 17:59:51.825  6423-6453  SV[2347719...nActivity] com...e.yicameraprototype.dev.debug  I  onSSPAndSRT: pl = 34 pt = 818 sx = 1.0 sy = 1.006462
2026-02-27 17:59:51.825  6423-6453  SV[2347719...nActivity] com...e.yicameraprototype.dev.debug  I  aOrMT: VRI[MainActivity]@ae29e83 t = android.view.SurfaceControl$Transaction@a3b7bb7 fN = 113 android.view.SurfaceView.-$$Nest$mapplyOrMergeTransaction:0 android.view.SurfaceView$SurfaceViewPositionUpdateListener.positionChanged:1932 android.graphics.RenderNode$CompositePositionUpdateListener.positionChanged:401
2026-02-27 17:59:51.826  6423-6453  VRI[MainAc...y]@ae29e83 com...e.yicameraprototype.dev.debug  I  mWNT: t=0xb400007a96d73690 mBlastBufferQueue=0xb400007a86db57f0 fn= 113 HdrRenderState mRenderHdrSdrRatio=1.0 caller= android.view.SurfaceView.applyOrMergeTransaction:1863 android.view.SurfaceView.-$$Nest$mapplyOrMergeTransaction:0 android.view.SurfaceView$SurfaceViewPositionUpdateListener.positionChanged:1932
2026-02-27 17:59:51.842  6423-6453  SurfaceView             com...e.yicameraprototype.dev.debug  D  23477192 updateSurfacePosition RenderWorker, frameNr = 115, position = [34, 819, 1046, 1441] surfaceSize = 1012x619
2026-02-27 17:59:51.842  6423-6453  SV[2347719...nActivity] com...e.yicameraprototype.dev.debug  I  uSP: rtp = Rect(34, 819 - 1046, 1441) rtsw = 1012 rtsh = 619
2026-02-27 17:59:51.842  6423-6453  SV[2347719...nActivity] com...e.yicameraprototype.dev.debug  I  onSSPAndSRT: pl = 34 pt = 819 sx = 1.0 sy = 1.0048466
2026-02-27 17:59:51.842  6423-6453  SV[2347719...nActivity] com...e.yicameraprototype.dev.debug  I  aOrMT: VRI[MainActivity]@ae29e83 t = android.view.SurfaceControl$Transaction@a3b7bb7 fN = 115 android.view.SurfaceView.-$$Nest$mapplyOrMergeTransaction:0 android.view.SurfaceView$SurfaceViewPositionUpdateListener.positionChanged:1932 android.graphics.RenderNode$CompositePositionUpdateListener.positionChanged:401
2026-02-27 17:59:51.843  6423-6453  VRI[MainAc...y]@ae29e83 com...e.yicameraprototype.dev.debug  I  mWNT: t=0xb400007a96d73690 mBlastBufferQueue=0xb400007a86db57f0 fn= 115 HdrRenderState mRenderHdrSdrRatio=1.0 caller= android.view.SurfaceView.applyOrMergeTransaction:1863 android.view.SurfaceView.-$$Nest$mapplyOrMergeTransaction:0 android.view.SurfaceView$SurfaceViewPositionUpdateListener.positionChanged:1932
2026-02-27 17:59:51.868  6423-6453  SurfaceView             com...e.yicameraprototype.dev.debug  D  23477192 updateSurfacePosition RenderWorker, frameNr = 118, position = [34, 820, 1046, 1441] surfaceSize = 1012x619
2026-02-27 17:59:51.868  6423-6453  SV[2347719...nActivity] com...e.yicameraprototype.dev.debug  I  uSP: rtp = Rect(34, 820 - 1046, 1441) rtsw = 1012 rtsh = 619
2026-02-27 17:59:51.868  6423-6453  SV[2347719...nActivity] com...e.yicameraprototype.dev.debug  I  onSSPAndSRT: pl = 34 pt = 820 sx = 1.0 sy = 1.003231
2026-02-27 17:59:51.868  6423-6453  SV[2347719...nActivity] com...e.yicameraprototype.dev.debug  I  aOrMT: VRI[MainActivity]@ae29e83 t = android.view.SurfaceControl$Transaction@a3b7bb7 fN = 118 android.view.SurfaceView.-$$Nest$mapplyOrMergeTransaction:0 android.view.SurfaceView$SurfaceViewPositionUpdateListener.positionChanged:1932 android.graphics.RenderNode$CompositePositionUpdateListener.positionChanged:401
2026-02-27 17:59:51.868  6423-6453  VRI[MainAc...y]@ae29e83 com...e.yicameraprototype.dev.debug  I  mWNT: t=0xb400007a96d73690 mBlastBufferQueue=0xb400007a86db57f0 fn= 118 HdrRenderState mRenderHdrSdrRatio=1.0 caller= android.view.SurfaceView.applyOrMergeTransaction:1863 android.view.SurfaceView.-$$Nest$mapplyOrMergeTransaction:0 android.view.SurfaceView$SurfaceViewPositionUpdateListener.positionChanged:1932
2026-02-27 17:59:51.901  6423-6453  SurfaceView             com...e.yicameraprototype.dev.debug  D  23477192 updateSurfacePosition RenderWorker, frameNr = 122, position = [34, 821, 1046, 1441] surfaceSize = 1012x619
2026-02-27 17:59:51.901  6423-6453  SV[2347719...nActivity] com...e.yicameraprototype.dev.debug  I  uSP: rtp = Rect(34, 821 - 1046, 1441) rtsw = 1012 rtsh = 619
2026-02-27 17:59:51.901  6423-6453  SV[2347719...nActivity] com...e.yicameraprototype.dev.debug  I  onSSPAndSRT: pl = 34 pt = 821 sx = 1.0 sy = 1.0016155
2026-02-27 17:59:51.901  6423-6453  SV[2347719...nActivity] com...e.yicameraprototype.dev.debug  I  aOrMT: VRI[MainActivity]@ae29e83 t = android.view.SurfaceControl$Transaction@a3b7bb7 fN = 122 android.view.SurfaceView.-$$Nest$mapplyOrMergeTransaction:0 android.view.SurfaceView$SurfaceViewPositionUpdateListener.positionChanged:1932 android.graphics.RenderNode$CompositePositionUpdateListener.positionChanged:401
2026-02-27 17:59:51.901  6423-6453  VRI[MainAc...y]@ae29e83 com...e.yicameraprototype.dev.debug  I  mWNT: t=0xb400007a96d73690 mBlastBufferQueue=0xb400007a86db57f0 fn= 122 HdrRenderState mRenderHdrSdrRatio=1.0 caller= android.view.SurfaceView.applyOrMergeTransaction:1863 android.view.SurfaceView.-$$Nest$mapplyOrMergeTransaction:0 android.view.SurfaceView$SurfaceViewPositionUpdateListener.positionChanged:1932
2026-02-27 17:59:51.934  6423-6453  SurfaceView             com...e.yicameraprototype.dev.debug  D  23477192 updateSurfacePosition RenderWorker, frameNr = 126, position = [34, 822, 1046, 1441] surfaceSize = 1012x619
2026-02-27 17:59:51.934  6423-6453  SV[2347719...nActivity] com...e.yicameraprototype.dev.debug  I  uSP: rtp = Rect(34, 822 - 1046, 1441) rtsw = 1012 rtsh = 619
2026-02-27 17:59:51.934  6423-6453  SV[2347719...nActivity] com...e.yicameraprototype.dev.debug  I  onSSPAndSRT: pl = 34 pt = 822 sx = 1.0 sy = 1.0
2026-02-27 17:59:51.935  6423-6453  SV[2347719...nActivity] com...e.yicameraprototype.dev.debug  I  aOrMT: VRI[MainActivity]@ae29e83 t = android.view.SurfaceControl$Transaction@a3b7bb7 fN = 126 android.view.SurfaceView.-$$Nest$mapplyOrMergeTransaction:0 android.view.SurfaceView$SurfaceViewPositionUpdateListener.positionChanged:1932 android.graphics.RenderNode$CompositePositionUpdateListener.positionChanged:401
2026-02-27 17:59:51.935  6423-6453  VRI[MainAc...y]@ae29e83 com...e.yicameraprototype.dev.debug  I  mWNT: t=0xb400007a96d73690 mBlastBufferQueue=0xb400007a86db57f0 fn= 126 HdrRenderState mRenderHdrSdrRatio=1.0 caller= android.view.SurfaceView.applyOrMergeTransaction:1863 android.view.SurfaceView.-$$Nest$mapplyOrMergeTransaction:0 android.view.SurfaceView$SurfaceViewPositionUpdateListener.positionChanged:1932
2026-02-27 17:59:54.600  6423-6423  VRI[MainAc...y]@ae29e83 com...e.yicameraprototype.dev.debug  I  call setFrameRateCategory for touch hint category=no preference, reason=boost timeout, vri=VRI[MainActivity]@ae29e83
2026-02-27 18:00:01.844  6423-6423  SmartClipD...ropperImpl com...e.yicameraprototype.dev.debug  D  doExtractSmartClipData : Extraction start! reqId = 10  Cropped area = Rect(540, 1170 - 541, 1171)  Package = com.example.yicameraprototype.dev.debug
2026-02-27 18:00:01.846  6423-6423  SmartClipD...ropperImpl com...e.yicameraprototype.dev.debug  D  addAppMetaTag : package name is com.example.yicameraprototype.dev.debug
2026-02-27 18:00:01.846  6423-6423  SmartClipD...ropperImpl com...e.yicameraprototype.dev.debug  D  sendExtractionResultToSmartClipService : -- Extracted SmartClip data information --
2026-02-27 18:00:01.846  6423-6423  SmartClipD...ropperImpl com...e.yicameraprototype.dev.debug  D  sendExtractionResultToSmartClipService : Request Id : 10
2026-02-27 18:00:01.846  6423-6423  SmartClipD...ropperImpl com...e.yicameraprototype.dev.debug  D  sendExtractionResultToSmartClipService : Extraction mode : 1
2026-02-27 18:00:01.846  6423-6423  SemSmartCl...Repository com...e.yicameraprototype.dev.debug  D  ----- Start of SmartClip repository informations -----
2026-02-27 18:00:01.846  6423-6423  SemSmartCl...Repository com...e.yicameraprototype.dev.debug  D  ** Content type : image
2026-02-27 18:00:01.847  6423-6423  SemSmartCl...Repository com...e.yicameraprototype.dev.debug  D  ** Meta area rect : Rect(0, 0 - 0, 0)
2026-02-27 18:00:01.847  6423-6423  SemSmartCl...Repository com...e.yicameraprototype.dev.debug  D  ** Captured image file path : null
2026-02-27 18:00:01.847  6423-6423  SemSmartCl...Repository com...e.yicameraprototype.dev.debug  D  ----- End of SmartClip repository informations -----
2026-02-27 18:00:01.850  6423-6423  SmartClipD...ropperImpl com...e.yicameraprototype.dev.debug  D  sendExtractionResultToSmartClipService : Elapsed = 6
2026-02-27 18:00:02.666  6423-6423  ImeFocusController      com...e.yicameraprototype.dev.debug  I  onPreWindowFocus: skipped hasWindowFocus=false mHasImeFocus=true
2026-02-27 18:00:02.667  6423-6423  ImeFocusController      com...e.yicameraprototype.dev.debug  I  onPostWindowFocus: skipped hasWindowFocus=false mHasImeFocus=true
2026-02-27 18:00:02.801  6423-6423  SmartClipR...Dispatcher com...e.yicameraprototype.dev.debug  D  dispatchScrollableAreaInfo : windowRect = Rect(0, 0 - 1080, 2340)
2026-02-27 18:00:02.803  6423-6423  SmartClipR...Dispatcher com...e.yicameraprototype.dev.debug  D  dispatchScrollableAreaInfo : Scrollable view count = 2
2026-02-27 18:00:02.803  6423-6423  SmartClipR...Dispatcher com...e.yicameraprototype.dev.debug  D  dispatchScrollableAreaInfo : Unscrollable view count = 0
2026-02-27 18:00:02.803  6423-6423  SmartClipR...Dispatcher com...e.yicameraprototype.dev.debug  D  dispatchScrollableAreaInfo : Pkg=com.example.yicameraprototype.dev.debug Activity=null
2026-02-27 18:00:09.186  6423-6423  InsetsSourceConsumer    com...e.yicameraprototype.dev.debug  I  applyRequestedVisibilityToControl: visible=true, type=statusBars, host=com.example.yicameraprototype.dev.debug/com.example.yicameraprototype.ui.MainActivity
2026-02-27 18:00:09.187  6423-6423  InsetsSourceConsumer    com...e.yicameraprototype.dev.debug  I  applyRequestedVisibilityToControl: visible=true, type=navigationBars, host=com.example.yicameraprototype.dev.debug/com.example.yicameraprototype.ui.MainActivity
2026-02-27 18:00:09.188  6423-6423  VRI[MainAc...y]@ae29e83 com...e.yicameraprototype.dev.debug  D  mThreadedRenderer.initializeIfNeeded()#2 mSurface={isValid=true 0xb400007ac6dab7d0}
2026-02-27 18:00:09.189  6423-6423  InputMethodManagerUtils com...e.yicameraprototype.dev.debug  D  startInputInner - Id : 0
2026-02-27 18:00:09.189  6423-6423  InputMethodManager      com...e.yicameraprototype.dev.debug  I  startInputInner - IInputMethodManagerGlobalInvoker.startInputOrWindowGainedFocus
2026-02-27 18:00:09.191  6423-6423  InputMethodManager      com...e.yicameraprototype.dev.debug  I  handleMessage: setImeVisibility visible=false
2026-02-27 18:00:09.191  6423-6423  InsetsController        com...e.yicameraprototype.dev.debug  D  hide(ime(), fromIme=false)
2026-02-27 18:00:09.192  6423-6423  ImeTracker              com...e.yicameraprototype.dev.debug  I  com.example.yicameraprototype.dev.debug:55854237: onCancelled at PHASE_CLIENT_ALREADY_HIDDEN
2026-02-27 18:00:09.192  6423-6438  InputTransport          com...e.yicameraprototype.dev.debug  D  Input channel constructed: 'ClientS', fd=146
2026-02-27 18:00:12.191  6423-6423  VRI[MainAc...y]@ae29e83 com...e.yicameraprototype.dev.debug  I  ViewPostIme pointer 0
2026-02-27 18:00:12.200  6423-6423  VRI[MainAc...y]@ae29e83 com...e.yicameraprototype.dev.debug  I  call setFrameRateCategory for touch hint category=high hint, reason=touch, vri=VRI[MainActivity]@ae29e83
2026-02-27 18:00:12.278  6423-6423  VRI[MainAc...y]@ae29e83 com...e.yicameraprototype.dev.debug  I  ViewPostIme pointer 1
2026-02-27 18:00:12.431  6423-6480  AudioCapabilities       com...e.yicameraprototype.dev.debug  W  Unsupported mediaType audio/x-ima
2026-02-27 18:00:12.432  6423-6480  AudioCapabilities       com...e.yicameraprototype.dev.debug  W  Unsupported mediaType audio/mpeg-L1
2026-02-27 18:00:12.432  6423-6480  AudioCapabilities       com...e.yicameraprototype.dev.debug  W  Unsupported mediaType audio/mpeg-L2
2026-02-27 18:00:12.432  6423-6480  VideoCapabilities       com...e.yicameraprototype.dev.debug  W  Unsupported mime video/wvc1
2026-02-27 18:00:12.433  6423-6480  VideoCapabilities       com...e.yicameraprototype.dev.debug  W  Unsupported mime video/x-ms-wmv
2026-02-27 18:00:12.440  6423-6480  VideoCapabilities       com...e.yicameraprototype.dev.debug  W  Unrecognized profile/level 32768/256 for video/mp4v-es
2026-02-27 18:00:12.449  6423-6480  AudioCapabilities       com...e.yicameraprototype.dev.debug  W  Unsupported mime audio/x-ima
2026-02-27 18:00:12.450  6423-6480  AudioCapabilities       com...e.yicameraprototype.dev.debug  W  Unsupported mime audio/mpeg-L1
2026-02-27 18:00:12.450  6423-6480  AudioCapabilities       com...e.yicameraprototype.dev.debug  W  Unsupported mime audio/mpeg-L2
2026-02-27 18:00:12.450  6423-6480  VideoCapabilities       com...e.yicameraprototype.dev.debug  W  Unsupported mime video/wvc1
