---------------------------- PROCESS STARTED (31964) for package com.example.yicameraprototype.dev.debug ----------------------------
2026-02-27 19:40:10.121 31964-31964 nativeloader            com...e.yicameraprototype.dev.debug  D  Load libframework-connectivity-tiramisu-jni.so using APEX ns com_android_tethering for caller /apex/com.android.tethering/javalib/framework-connectivity-t.jar: ok
2026-02-27 19:40:10.126 31964-31964 ActivityThread          com...e.yicameraprototype.dev.debug  D  setConscryptValidator
2026-02-27 19:40:10.126 31964-31964 ActivityThread          com...e.yicameraprototype.dev.debug  D  setConscryptValidator - put
2026-02-27 19:40:10.149 31964-31964 nativeloader            com...e.yicameraprototype.dev.debug  D  Load /data/user/0/com.example.yicameraprototype.dev.debug/code_cache/startup_agents/65318d08-agent.so using system ns (caller=<unknown>): ok
2026-02-27 19:40:10.157 31964-31964 otype.dev.debug         com...e.yicameraprototype.dev.debug  W  hiddenapi: DexFile /data/data/com.example.yicameraprototype.dev.debug/code_cache/.studio/instruments-873176f2.jar is in boot class path but is not in a known location
2026-02-27 19:40:10.300 31964-31964 otype.dev.debug         com...e.yicameraprototype.dev.debug  W  Redefining intrinsic method java.lang.Thread java.lang.Thread.currentThread(). This may cause the unexpected use of the original definition of java.lang.Thread java.lang.Thread.currentThread()in methods that have already been compiled.
2026-02-27 19:40:10.300 31964-31964 otype.dev.debug         com...e.yicameraprototype.dev.debug  W  Redefining intrinsic method boolean java.lang.Thread.interrupted(). This may cause the unexpected use of the original definition of boolean java.lang.Thread.interrupted()in methods that have already been compiled.
2026-02-27 19:40:10.310 31964-31964 nativeloader            com...e.yicameraprototype.dev.debug  D  Load libstats_jni.so using APEX ns com_android_os_statsd for caller /apex/com.android.os.statsd/javalib/framework-statsd.jar: ok
2026-02-27 19:40:10.312 31964-31964 CompatChangeReporter    com...e.yicameraprototype.dev.debug  D  Compat change id reported: 242716250; UID 10347; state: ENABLED
2026-02-27 19:40:10.613 31964-31964 nativeloader            com...e.yicameraprototype.dev.debug  D  Configuring clns-9 for other apk /data/app/~~nWjb9g3z3URd5Nzw9ABGow==/com.example.yicameraprototype.dev.debug-ahBfrMs5WgiE0oHRTd7Y8A==/base.apk. target_sdk_version=34, uses_libraries=, library_path=/data/app/~~nWjb9g3z3URd5Nzw9ABGow==/com.example.yicameraprototype.dev.debug-ahBfrMs5WgiE0oHRTd7Y8A==/lib/arm64:/data/app/~~nWjb9g3z3URd5Nzw9ABGow==/com.example.yicameraprototype.dev.debug-ahBfrMs5WgiE0oHRTd7Y8A==/base.apk!/lib/arm64-v8a, permitted_path=/data:/mnt/expand:/data/user/0/com.example.yicameraprototype.dev.debug
2026-02-27 19:40:10.623 31964-31964 GraphicsEnvironment     com...e.yicameraprototype.dev.debug  V  Currently set values for:
2026-02-27 19:40:10.623 31964-31964 GraphicsEnvironment     com...e.yicameraprototype.dev.debug  V    angle_gl_driver_selection_pkgs=[]
2026-02-27 19:40:10.623 31964-31964 GraphicsEnvironment     com...e.yicameraprototype.dev.debug  V    angle_gl_driver_selection_values=[]
2026-02-27 19:40:10.623 31964-31964 GraphicsEnvironment     com...e.yicameraprototype.dev.debug  V  com.example.yicameraprototype.dev.debug is not listed in per-application setting
2026-02-27 19:40:10.623 31964-31964 GraphicsEnvironment     com...e.yicameraprototype.dev.debug  V  ANGLE allowlist from config:
2026-02-27 19:40:10.623 31964-31964 GraphicsEnvironment     com...e.yicameraprototype.dev.debug  V  com.example.yicameraprototype.dev.debug is not listed in ANGLE allowlist or settings, returning default
2026-02-27 19:40:10.623 31964-31964 GraphicsEnvironment     com...e.yicameraprototype.dev.debug  V  Neither updatable production driver nor prerelease driver is supported.
2026-02-27 19:40:10.676 31964-31964 ActivityThread          com...e.yicameraprototype.dev.debug  D  com.example.yicameraprototype.dev.debug will use render engine as VK
2026-02-27 19:40:10.677 31964-31964 HWUI                    com...e.yicameraprototype.dev.debug  D  HWUI - treat SMPTE_170M as sRGB
2026-02-27 19:40:10.678 31964-31980 DisplayManager          com...e.yicameraprototype.dev.debug  I  Choreographer implicitly registered for the refresh rate.
2026-02-27 19:40:10.679 31964-31980 HWUI                    com...e.yicameraprototype.dev.debug  D  CacheManager constructor. deviceInfo=(1080, 1920)
2026-02-27 19:40:10.702 31964-31964 ashmem                  com...e.yicameraprototype.dev.debug  E  Pinning is deprecated since Android Q. Please use trim or other methods.
2026-02-27 19:40:10.717 31964-31964 DesktopModeFlags        com...e.yicameraprototype.dev.debug  D  Toggle override initialized to: OVERRIDE_UNSET
2026-02-27 19:40:10.720 31964-31964 DecorView               com...e.yicameraprototype.dev.debug  I  setWindowBackground: isPopOver=false color=ff141218 d=android.graphics.drawable.ColorDrawable@b6b5c64
2026-02-27 19:40:10.753 31964-31964 ViewRootImpl            com...e.yicameraprototype.dev.debug  I  dVRR is disabled
2026-02-27 19:40:10.754 31964-31964 HardwareRenderer        com...e.yicameraprototype.dev.debug  D  onDisplayChanged. displayId=0 current wxh=1080x2340 mLargest wxh=0x0
2026-02-27 19:40:10.754 31964-31964 HardwareRenderer        com...e.yicameraprototype.dev.debug  D  Set largestWidth and largestHeight as logical resolution. (1080x2340)
2026-02-27 19:40:10.754 31964-31980 HWUI                    com...e.yicameraprototype.dev.debug  D  setMaxSurfaceArea requested wxh=(1080,2340) requestedSurfaceArea(2527200) mMaxSurfaceArea(2073600)
2026-02-27 19:40:10.755 31964-31980 NativeCust...ncyManager com...e.yicameraprototype.dev.debug  D  [NativeCFMS] BpCustomFrequencyManager::BpCustomFrequencyManager()
2026-02-27 19:40:10.763 31964-31964 InputTransport          com...e.yicameraprototype.dev.debug  D  Input channel constructed: '92f26cb', fd=116
2026-02-27 19:40:10.764 31964-31964 InsetsController        com...e.yicameraprototype.dev.debug  I  onStateChanged: host=com.example.yicameraprototype.dev.debug/com.example.yicameraprototype.ui.MainActivity, from=android.view.ViewRootImpl.onInsetsStateChanged:3026, state=InsetsState: {mDisplayFrame=Rect(0, 0 - 1080, 2340), mDisplayCutout=DisplayCutout{insets=Rect(0, 89 - 0, 0) waterfall=Insets{left=0, top=0, right=0, bottom=0} boundingRect={Bounds=[Rect(0, 0 - 0, 0), Rect(507, 0 - 573, 89), Rect(0, 0 - 0, 0), Rect(0, 0 - 0, 0)]} cutoutPathParserInfo={CutoutPathParserInfo{displayWidth=1080 displayHeight=2340 physicalDisplayWidth=1080 physicalDisplayHeight=2340 density={2.8125} cutoutSpec={M 0,0 M 0,8.177777777777778 a 11.73333333333333,11.73333333333333 0 1,0 0,23.46666666666667 a 11.73333333333333,11.73333333333333 0 1,0 0,-23.46666666666667 Z @dp} rotation={0} scale={1.0} physicalPixelDisplaySizeRatio={1.0}}} sideOverrides={}}, mRoundedCorners=RoundedCorners{[RoundedCorner{position=TopLeft, radius=113, center=Point(113, 113)}, RoundedCorner{position=TopRight, radius=113, center=Point(967, 113)}, RoundedCorner{position=BottomRight, radius=113, center=Point(967, 2227)}, RoundedCorner{position=BottomLeft, radius=113, center=Point(113, 2227)}]}  mRoundedCornerFrame=Rect(0, 0 - 1080, 2340), mPrivacyIndicatorBounds=PrivacyIndicatorBounds {static bounds=Rect(956, 0 - 1080, 91) rotation=0}, mDisplayShape=DisplayShape{ spec=-392560863 displayWidth=1080 displayHeight=2340 physicalPixelDisplaySizeRatio=1.0 rotation=0 offsetX=0 offsetY=0 scale=1.0}, mSources= { InsetsSource: {ad630001 mType=navigationBars mFrame=[0,2205][1080,2340] mVisible=true mFlags= mSideHint=BOTTOM mBoundingRects=null}, InsetsSource: {ad630004 mType=systemGestures mFrame=[0,0][0,0] mVisible=true mFlags= mSideHint=NONE mBoundingRects=null}, InsetsSource: {ad630005 mType=mandatorySystemGestures mFrame=[0,2205][1080,2340] mVisible=true mFlags= mSideHint=BOTTOM mBoundingRects=null}, InsetsSource: {ad630006 mType=tappableElement mFrame=[0,2205][1080,2340] mVisible=true mFlags= mSideHint=BOTTOM mBoundingRects=null}, InsetsSource: {ad630024 mType=systemGestures mFrame=[0,0][0,0] mVisible=true mFlags= mSideHint=NONE mBoundingRects=null}, InsetsSource: {d0810000 mType=statusBars mFrame=[0,0][1080,91] mVisible=true mFlags= mSideHint=TOP mBoundingRects=null}, InsetsSource: {d0810005 mType=mandatorySystemGestures mFrame=[0,0][1080,123] mVisible=true mFlags= mSideHint=TOP mBoundingRects=null}, InsetsSource: {d0810006 mType=tappableElement mFrame=[0,0][1080,91] mVisible=true mFlags= mSideHint=TOP mBoundingRects=null}, InsetsSource: {3 mType=ime mFrame=[0,0][0,0] mVisible=false mFlags= mSideHint=NONE mBoundingRects=null}, InsetsSource: {27 mType=displayCutout mFrame=[0,0][1080,89] mVisible=true mFlags= mSideHint=TOP mBoundingRects=null} }
2026-02-27 19:40:10.766 31964-31964 VRI[MainAc...y]@ae29e83 com...e.yicameraprototype.dev.debug  I  synced displayState. AttachInfo displayState=2
2026-02-27 19:40:10.766 31964-31964 VRI[MainAc...y]@ae29e83 com...e.yicameraprototype.dev.debug  I  setView = com.android.internal.policy.DecorView@d269fdf IsHRR=false mFlingFrameRateChange=0 TM=true
2026-02-27 19:40:10.766 31964-31964 IDS_TAG                 com...e.yicameraprototype.dev.debug  I  Starting IDS observe window
2026-02-27 19:40:10.766 31964-31964 IDS_TAG                 com...e.yicameraprototype.dev.debug  I  Getting Shared Preference for android.app.Application@67e9a79 uid = 10347
2026-02-27 19:40:10.770 31964-31964 IDS_TAG                 com...e.yicameraprototype.dev.debug  I  App android.app.Application@67e9a79 has not finished training
2026-02-27 19:40:10.771 31964-31980 HWUI                    com...e.yicameraprototype.dev.debug  D  HWUI - treat SMPTE_170M as sRGB
2026-02-27 19:40:10.771 31964-31964 IDS_TAG                 com...e.yicameraprototype.dev.debug  I  Closing IDS observe window
2026-02-27 19:40:10.772 31964-31964 IDS_TAG                 com...e.yicameraprototype.dev.debug  I  Getting Shared Preference for android.app.Application@67e9a79 uid = 10347
2026-02-27 19:40:10.772 31964-31964 IDS_TAG                 com...e.yicameraprototype.dev.debug  I  IDS count updated to 3 for android.app.Application@67e9a79
2026-02-27 19:40:10.961 31964-31964 otype.dev.debug         com...e.yicameraprototype.dev.debug  W  Method boolean androidx.compose.runtime.snapshots.SnapshotStateList.conditionalUpdate(boolean, kotlin.jvm.functions.Function1) failed lock verification and will run slower.
                                                                                                    Common causes for lock verification issues are non-optimized dex code
                                                                                                    and incorrect proguard optimizations.
2026-02-27 19:40:10.962 31964-31964 otype.dev.debug         com...e.yicameraprototype.dev.debug  W  Method boolean androidx.compose.runtime.snapshots.SnapshotStateList.conditionalUpdate$default(androidx.compose.runtime.snapshots.SnapshotStateList, boolean, kotlin.jvm.functions.Function1, int, java.lang.Object) failed lock verification and will run slower.
2026-02-27 19:40:10.962 31964-31964 otype.dev.debug         com...e.yicameraprototype.dev.debug  W  Method java.lang.Object androidx.compose.runtime.snapshots.SnapshotStateList.mutate(kotlin.jvm.functions.Function1) failed lock verification and will run slower.
2026-02-27 19:40:10.962 31964-31964 otype.dev.debug         com...e.yicameraprototype.dev.debug  W  Method void androidx.compose.runtime.snapshots.SnapshotStateList.update(boolean, kotlin.jvm.functions.Function1) failed lock verification and will run slower.
2026-02-27 19:40:10.962 31964-31964 otype.dev.debug         com...e.yicameraprototype.dev.debug  W  Method void androidx.compose.runtime.snapshots.SnapshotStateList.update$default(androidx.compose.runtime.snapshots.SnapshotStateList, boolean, kotlin.jvm.functions.Function1, int, java.lang.Object) failed lock verification and will run slower.
2026-02-27 19:40:11.117 31964-31969 otype.dev.debug         com...e.yicameraprototype.dev.debug  I  Compiler allocated 5101KB to compile void android.view.ViewRootImpl.performTraversals()
2026-02-27 19:40:11.159 31964-31964 ExoPlayerImpl           com...e.yicameraprototype.dev.debug  I  Init 4474a70 [AndroidXMedia3/1.4.1] [a35x, SM-A356E, samsung, 36]
2026-02-27 19:40:11.175 31964-31964 AudioSystem             com...e.yicameraprototype.dev.debug  D  onNewService: media.audio_policy service obtained 0xb400007906d7bd10
2026-02-27 19:40:11.176 31964-31964 AudioSystem             com...e.yicameraprototype.dev.debug  D  getService: checking for service media.audio_policy: 0xb400007906d7bd10
2026-02-27 19:40:11.184 31964-31964 otype.dev.debug         com...e.yicameraprototype.dev.debug  I  hiddenapi: Accessing hidden method Landroid/media/AudioTrack;->getLatency()I (runtime_flags=0, domain=platform, api=unsupported) from Landroidx/media3/exoplayer/audio/AudioTrackPositionTracker; (domain=app) using reflection: allowed
2026-02-27 19:40:11.214 31964-31964 AudioSystem             com...e.yicameraprototype.dev.debug  D  onNewServiceWithAdapter: media.audio_flinger service obtained 0xb4000079f6d80e50
2026-02-27 19:40:11.214 31964-31964 AudioSystem             com...e.yicameraprototype.dev.debug  D  getService: checking for service media.audio_flinger: 0xb400007906d7b450
2026-02-27 19:40:11.280 31964-31964 SurfaceView             com...e.yicameraprototype.dev.debug  D  23477192 updateSurface: has no frame
2026-02-27 19:40:11.341 31964-31964 SV[2347719...nActivity] com...e.yicameraprototype.dev.debug  I  onWindowVisibilityChanged(0) true android.view.SurfaceView{1663bc8 V.E...... ......I. 0,0-0,0} of VRI[MainActivity]@ae29e83
2026-02-27 19:40:11.341 31964-31964 SurfaceView             com...e.yicameraprototype.dev.debug  D  23477192 updateSurface: has no frame
2026-02-27 19:40:11.363 31964-31964 BLASTBufferQueue_Java   com...e.yicameraprototype.dev.debug  I  new BLASTBufferQueue, mName= VRI[MainActivity]@ae29e83 mNativeObject= 0xb400007a86d955f0 caller= android.view.ViewRootImpl.updateBlastSurfaceIfNeeded:3585 android.view.ViewRootImpl.relayoutWindow:11685 android.view.ViewRootImpl.performTraversals:4804 android.view.ViewRootImpl.doTraversal:3924 android.view.ViewRootImpl$TraversalRunnable.run:12903 android.view.Choreographer$CallbackRecord.run:1901 android.view.Choreographer$CallbackRecord.run:1910 android.view.Choreographer.doCallbacks:1367 android.view.Choreographer.doFrame:1292 android.view.Choreographer$FrameDisplayEventReceiver.run:1870
2026-02-27 19:40:11.364 31964-31964 BLASTBufferQueue_Java   com...e.yicameraprototype.dev.debug  I  update, w= 1080 h= 2340 mName = VRI[MainActivity]@ae29e83 mNativeObject= 0xb400007a86d955f0 sc.mNativeObject= 0xb4000078c6d43fd0 format= -3 caller= android.view.ViewRootImpl.updateBlastSurfaceIfNeeded:3590 android.view.ViewRootImpl.relayoutWindow:11685 android.view.ViewRootImpl.performTraversals:4804 android.view.ViewRootImpl.doTraversal:3924 android.view.ViewRootImpl$TraversalRunnable.run:12903 android.view.Choreographer$CallbackRecord.run:1901
2026-02-27 19:40:11.365 31964-31964 VRI[MainAc...y]@ae29e83 com...e.yicameraprototype.dev.debug  I  Relayout returned: old=(0,0,1080,2340) new=(0,0,1080,2340) relayoutAsync=false req=(1080,2340)0 dur=9 res=0x3 s={true 0xb400007ac6d9afe0} ch=true seqId=0
2026-02-27 19:40:11.365 31964-31964 VRI[MainAc...y]@ae29e83 com...e.yicameraprototype.dev.debug  I  performConfigurationChange setNightDimText nightDimLevel=0
2026-02-27 19:40:11.366 31964-31964 VRI[MainAc...y]@ae29e83 com...e.yicameraprototype.dev.debug  D  mThreadedRenderer.initialize() mSurface={isValid=true 0xb400007ac6d9afe0} hwInitialized=true
2026-02-27 19:40:11.390 31964-31964 SurfaceView             com...e.yicameraprototype.dev.debug  D  23477192 updateSurface: has no frame
2026-02-27 19:40:11.392 31964-31964 SV[2347719...nActivity] com...e.yicameraprototype.dev.debug  I  windowStopped(false) true android.view.SurfaceView{1663bc8 V.E...... ......ID 0,0-1012,619} of VRI[MainActivity]@ae29e83
2026-02-27 19:40:11.392 31964-31964 SurfaceView             com...e.yicameraprototype.dev.debug  D  23477192 updateSurface: has no frame
2026-02-27 19:40:11.392 31964-31964 VRI[MainAc...y]@ae29e83 com...e.yicameraprototype.dev.debug  D  reportNextDraw android.view.ViewRootImpl.performTraversals:5443 android.view.ViewRootImpl.doTraversal:3924 android.view.ViewRootImpl$TraversalRunnable.run:12903 android.view.Choreographer$CallbackRecord.run:1901 android.view.Choreographer$CallbackRecord.run:1910
2026-02-27 19:40:11.392 31964-31964 SurfaceView             com...e.yicameraprototype.dev.debug  I  23477192 Changes: creating=true format=true size=true visible=true alpha=false hint=false left=true top=true z=false attached=true lifecycleStrategy=true
2026-02-27 19:40:11.394 31964-31964 BLASTBufferQueue_Java   com...e.yicameraprototype.dev.debug  I  new BLASTBufferQueue, mName= 1663bc8 SurfaceView[com.example.yicameraprototype.dev.debug/com.example.yicameraprototype.ui.MainActivity]@0 mNativeObject= 0xb400007a86d824c0 caller= android.view.SurfaceView.createBlastSurfaceControls:1781 android.view.SurfaceView.updateSurface:1450 android.view.SurfaceView.lambda$new$0:280 android.view.SurfaceView.$r8$lambda$NfZyM_TG8F8lqzaOVZ7noREFjzU:0 android.view.SurfaceView$$ExternalSyntheticLambda1.onPreDraw:0 android.view.ViewTreeObserver.dispatchOnPreDraw:1229 android.view.ViewRootImpl.performTraversals:5448 android.view.ViewRootImpl.doTraversal:3924 android.view.ViewRootImpl$TraversalRunnable.run:12903 android.view.Choreographer$CallbackRecord.run:1901
2026-02-27 19:40:11.395 31964-31964 BLASTBufferQueue_Java   com...e.yicameraprototype.dev.debug  I  update, w= 1012 h= 619 mName = 1663bc8 SurfaceView[com.example.yicameraprototype.dev.debug/com.example.yicameraprototype.ui.MainActivity]@0 mNativeObject= 0xb400007a86d824c0 sc.mNativeObject= 0xb4000078c6d3b390 format= 4 caller= android.view.SurfaceView.createBlastSurfaceControls:1782 android.view.SurfaceView.updateSurface:1450 android.view.SurfaceView.lambda$new$0:280 android.view.SurfaceView.$r8$lambda$NfZyM_TG8F8lqzaOVZ7noREFjzU:0 android.view.SurfaceView$$ExternalSyntheticLambda1.onPreDraw:0 android.view.ViewTreeObserver.dispatchOnPreDraw:1229
2026-02-27 19:40:11.395 31964-31964 SurfaceView             com...e.yicameraprototype.dev.debug  I  23477192 Cur surface: Surface(name=null mNativeObject=0)/@0x5a5c6f2
2026-02-27 19:40:11.395 31964-31964 SurfaceComposerClient   com...e.yicameraprototype.dev.debug  D  setCornerRadius ## 1663bc8 SurfaceView[com.example.yicameraprototype.dev.debug/com.example.yicameraprototype.ui.MainActivity]@0#88556 cornerRadius=0.000000
2026-02-27 19:40:11.395 31964-31964 SV[2347719...nActivity] com...e.yicameraprototype.dev.debug  I  pST: sr = Rect(34, 1749 - 1046, 2368) sw = 1012 sh = 619
2026-02-27 19:40:11.396 31964-31964 SurfaceView             com...e.yicameraprototype.dev.debug  D  23477192 performSurfaceTransaction RenderWorker position = [34, 1749, 1046, 2368] surfaceSize = 1012x619
2026-02-27 19:40:11.396 31964-31964 SV[2347719...nActivity] com...e.yicameraprototype.dev.debug  I  updateSurface: mVisible = true mSurface.isValid() = true
2026-02-27 19:40:11.396 31964-31964 SV[2347719...nActivity] com...e.yicameraprototype.dev.debug  I  updateSurface: mSurfaceCreated = false surfaceChanged = true visibleChanged = true
2026-02-27 19:40:11.396 31964-31964 SurfaceView             com...e.yicameraprototype.dev.debug  I  23477192 visibleChanged -- surfaceCreated
2026-02-27 19:40:11.396 31964-31964 SV[2347719...nActivity] com...e.yicameraprototype.dev.debug  I  surfaceCreated 1 #8 android.view.SurfaceView{1663bc8 V.E...... ......ID 0,0-1012,619}
2026-02-27 19:40:11.396 31964-31964 SurfaceView             com...e.yicameraprototype.dev.debug  I  23477192 surfaceChanged -- format=4 w=1012 h=619
2026-02-27 19:40:11.396 31964-31964 SV[2347719...nActivity] com...e.yicameraprototype.dev.debug  I  surfaceChanged (1012,619) 1 #8 android.view.SurfaceView{1663bc8 V.E...... ......ID 0,0-1012,619}
2026-02-27 19:40:11.396 31964-31964 SurfaceView             com...e.yicameraprototype.dev.debug  I  23477192 surfaceRedrawNeeded
2026-02-27 19:40:11.397 31964-31964 SurfaceView             com...e.yicameraprototype.dev.debug  I  23477192 finishedDrawing
2026-02-27 19:40:11.397 31964-31964 SurfaceView             com...e.yicameraprototype.dev.debug  V  Layout: x=34 y=1749 w=1012 h=619, frame=Rect(0, 0 - 1012, 619)
2026-02-27 19:40:11.398 31964-31964 VRI[MainAc...y]@ae29e83 com...e.yicameraprototype.dev.debug  D  Setup new sync=wmsSync-VRI[MainActivity]@ae29e83#1
2026-02-27 19:40:11.398 31964-31964 VRI[MainAc...y]@ae29e83 com...e.yicameraprototype.dev.debug  I  Creating new active sync group VRI[MainActivity]@ae29e83#2
2026-02-27 19:40:11.399 31964-31964 VRI[MainAc...y]@ae29e83 com...e.yicameraprototype.dev.debug  D  registerCallbacksForSync syncBuffer=false
2026-02-27 19:40:11.414 31964-31980 SurfaceView             com...e.yicameraprototype.dev.debug  D  23477192 updateSurfacePosition RenderWorker, frameNr = 1, position = [34, 1749, 1046, 2368] surfaceSize = 1012x619
2026-02-27 19:40:11.415 31964-31980 SV[2347719...nActivity] com...e.yicameraprototype.dev.debug  I  uSP: rtp = Rect(34, 1749 - 1046, 2368) rtsw = 1012 rtsh = 619
2026-02-27 19:40:11.415 31964-31980 SV[2347719...nActivity] com...e.yicameraprototype.dev.debug  I  onSSPAndSRT: pl = 34 pt = 1749 sx = 1.0 sy = 1.0
2026-02-27 19:40:11.415 31964-31980 SV[2347719...nActivity] com...e.yicameraprototype.dev.debug  I  aOrMT: VRI[MainActivity]@ae29e83 t = android.view.SurfaceControl$Transaction@2f9adaa fN = 1 android.view.SurfaceView.-$$Nest$mapplyOrMergeTransaction:0 android.view.SurfaceView$SurfaceViewPositionUpdateListener.positionChanged:1932 android.graphics.RenderNode$CompositePositionUpdateListener.positionChanged:401
2026-02-27 19:40:11.415 31964-31980 VRI[MainAc...y]@ae29e83 com...e.yicameraprototype.dev.debug  I  mWNT: t=0xb400007a96d63010 mBlastBufferQueue=0xb400007a86d955f0 fn= 1 HdrRenderState mRenderHdrSdrRatio=1.0 caller= android.view.SurfaceView.applyOrMergeTransaction:1863 android.view.SurfaceView.-$$Nest$mapplyOrMergeTransaction:0 android.view.SurfaceView$SurfaceViewPositionUpdateListener.positionChanged:1932
2026-02-27 19:40:11.415 31964-31990 VRI[MainAc...y]@ae29e83 com...e.yicameraprototype.dev.debug  D  Received frameDrawingCallback syncResult=0 frameNum=1.
2026-02-27 19:40:11.415 31964-31990 VRI[MainAc...y]@ae29e83 com...e.yicameraprototype.dev.debug  I  mWNT: t=0xb400007a96d77e50 mBlastBufferQueue=0xb400007a86d955f0 fn= 1 HdrRenderState mRenderHdrSdrRatio=1.0 caller= android.view.ViewRootImpl$12.onFrameDraw:15441 android.view.ThreadedRenderer$1.onFrameDraw:718 <bottom of call stack>
2026-02-27 19:40:11.415 31964-31990 VRI[MainAc...y]@ae29e83 com...e.yicameraprototype.dev.debug  I  Setting up sync and frameCommitCallback
2026-02-27 19:40:11.428 31964-31980 BLASTBufferQueue        com...e.yicameraprototype.dev.debug  I  [VRI[MainActivity]@ae29e83#0](f:0,a:0,s:0) onFrameAvailable the first frame is available
2026-02-27 19:40:11.429 31964-31980 VRI[MainAc...y]@ae29e83 com...e.yicameraprototype.dev.debug  I  Received frameCommittedCallback lastAttemptedDrawFrameNum=1 didProduceBuffer=true
2026-02-27 19:40:11.430 31964-31980 HWUI                    com...e.yicameraprototype.dev.debug  D  CFMS:: SetUp Pid : 31964    Tid : 31980
2026-02-27 19:40:11.431 31964-31964 VRI[MainAc...y]@ae29e83 com...e.yicameraprototype.dev.debug  D  reportDrawFinished seqId=0
2026-02-27 19:40:11.431 31964-31964 Choreographer           com...e.yicameraprototype.dev.debug  I  Skipped 74 frames!  The application may be doing too much work on its main thread.
2026-02-27 19:40:11.440 31964-31964 InsetsSourceConsumer    com...e.yicameraprototype.dev.debug  I  applyRequestedVisibilityToControl: visible=true, type=statusBars, host=com.example.yicameraprototype.dev.debug/com.example.yicameraprototype.ui.MainActivity
2026-02-27 19:40:11.440 31964-31964 InsetsSourceConsumer    com...e.yicameraprototype.dev.debug  I  applyRequestedVisibilityToControl: visible=true, type=navigationBars, host=com.example.yicameraprototype.dev.debug/com.example.yicameraprototype.ui.MainActivity
2026-02-27 19:40:11.487 31964-31964 VRI[MainAc...y]@ae29e83 com...e.yicameraprototype.dev.debug  D  mThreadedRenderer.initializeIfNeeded()#2 mSurface={isValid=true 0xb400007ac6d9afe0}
2026-02-27 19:40:11.489 31964-31964 InputMethodManagerUtils com...e.yicameraprototype.dev.debug  D  startInputInner - Id : 0
2026-02-27 19:40:11.489 31964-31964 InputMethodManager      com...e.yicameraprototype.dev.debug  I  startInputInner - IInputMethodManagerGlobalInvoker.startInputOrWindowGainedFocus
2026-02-27 19:40:11.493 31964-31964 InputMethodManager      com...e.yicameraprototype.dev.debug  I  handleMessage: setImeVisibility visible=false
2026-02-27 19:40:11.493 31964-31964 InsetsController        com...e.yicameraprototype.dev.debug  D  hide(ime(), fromIme=false)
2026-02-27 19:40:11.493 31964-31964 ImeTracker              com...e.yicameraprototype.dev.debug  I  com.example.yicameraprototype.dev.debug:5b3ca1af: onCancelled at PHASE_CLIENT_ALREADY_HIDDEN
2026-02-27 19:40:11.506 31964-32003 InputTransport          com...e.yicameraprototype.dev.debug  D  Input channel constructed: 'ClientS', fd=144
2026-02-27 19:40:16.272 31964-32030 ProfileInstaller        com...e.yicameraprototype.dev.debug  D  Installing profile for com.example.yicameraprototype.dev.debug
2026-02-27 19:40:33.771 31964-31964 VRI[MainAc...y]@ae29e83 com...e.yicameraprototype.dev.debug  I  ViewPostIme pointer 0
2026-02-27 19:40:33.794 31964-31964 VRI[MainAc...y]@ae29e83 com...e.yicameraprototype.dev.debug  I  call setFrameRateCategory for touch hint category=high hint, reason=touch, vri=VRI[MainActivity]@ae29e83
2026-02-27 19:40:33.839 31964-31964 VRI[MainAc...y]@ae29e83 com...e.yicameraprototype.dev.debug  I  ViewPostIme pointer 1
2026-02-27 19:40:33.847 31964-31964 ConnectivityManager     com...e.yicameraprototype.dev.debug  D  StackLog: [android.net.ConnectivityManager.sendRequestForNetwork(ConnectivityManager.java:4736)] [android.net.ConnectivityManager.sendRequestForNetwork(ConnectivityManager.java:4904)] [android.net.ConnectivityManager.requestNetwork(ConnectivityManager.java:5111)] [com.example.yicameraprototype.data.network.CameraNetworkBinder$requestWifiNetwork$2.invokeSuspend(CameraNetworkBinder.kt:109)] [com.example.yicameraprototype.data.network.CameraNetworkBinder$requestWifiNetwork$2.invoke(Unknown Source:8)] [com.example.yicameraprototype.data.network.CameraNetworkBinder$requestWifiNetwork$2.invoke(Unknown Source:4)] [kotlinx.coroutines.intrinsics.UndispatchedKt.startUndispatchedOrReturnIgnoreTimeout(Undispatched.kt:72)] [kotlinx.coroutines.TimeoutKt.setupTimeout(Timeout.kt:148)] [kotlinx.coroutines.TimeoutKt.withTimeoutOrNull(Timeout.kt:104)] [com.example.yicameraprototype.data.network.CameraNetworkBinder.requestWifiNetwork-gIAlu-s(CameraNetworkBinder.kt:88)] [com.example.yicameraprototype.data.network.CameraNetworkBinder.bindCameraNetwork-0E7RQCE(CameraNetworkBinder.kt:27)] [com.example.yicameraprototype.data.network.CameraNetworkBinder.bindCameraNetwork-0E7RQCE$default(CameraNetworkBinder.kt:18)] [com.example.yicameraprototype.data.camera.CameraRepository.connect(CameraRepository.kt:72)] [com.example.yicameraprototype.ui.MainViewModel$connect$1.invokeSuspend(MainViewModel.kt:24)] [kotlin.coroutines.jvm.internal.BaseContinuationImpl.resumeWith(ContinuationImpl.kt:33)] [kotlinx.coroutines.internal.DispatchedContinuationKt.resumeCancellableWith(DispatchedContinuation.kt:363)] [kotlinx.coroutines.intrinsics.CancellableKt.startCoroutineCancellable(Cancellable.kt:26)] [kotlinx.coroutines.intrinsics.CancellableKt.startCoroutineCancellable$default(Cancellable.kt:21)] [kotlinx.coroutines.CoroutineStart.invoke(CoroutineStart.kt:88)] [kotlinx.coroutines.AbstractCoroutine.start(AbstractCoroutine.kt:123)] [kotlinx.coroutines.BuildersKt__Builders_commonKt.launch(Builders.common.kt:52)] [kotlinx.coroutines.BuildersKt.launch(Unknown Source:1)] [kotlinx.coroutines.BuildersKt__Builders_commonKt.launch$default(Builders.common.kt:43)] [kotlinx.coroutines.BuildersKt.launch$default(Unknown Source:1)] [com.example.yicameraprototype.ui.MainViewModel.connect(MainViewModel.kt:23)] [com.example.yicameraprototype.ui.MainActivity$onCreate$1$1$2$1$2$1$1.invoke(MainActivity.kt:82)] [com.example.yicameraprototype.ui.MainActivity$onCreate$1$1$2$1$2$1$1.invoke(MainActivity.kt:82)] [androidx.compose.foundation.ClickableNode$clickPointerInput$3.invoke-k-4lQ0M(Clickable.kt:639)] [androidx.compose.foundation.ClickableNode$clickPointerInput$3.invoke(Clickable.kt:633)] [androidx.compose.foundation.gestures.TapGestureDetectorKt$detectTapAndPress$2$1.invokeSuspend(TapGestureDetector.kt:255)] [kotlin.coroutines.jvm.internal.BaseContinuationImpl.resumeWith(ContinuationImpl.kt:33)] [kotlinx.coroutines.DispatchedTaskKt.resume(DispatchedTask.kt:175)] [kotlinx.coroutines.DispatchedTaskKt.dispatch(DispatchedTask.kt:164)] [kotlinx.coroutines.CancellableContinuationImpl.dispatchResume(CancellableContinuationImpl.kt:466)] [kotlinx.coroutines.CancellableContinuationImpl.resumeImpl(CancellableContinuationImpl.kt:500)] [kotlinx.coroutines.CancellableContinuationImpl.resumeImpl$default(CancellableContinuationImpl.kt:489)] [kotlinx.coroutines.CancellableContinuationImpl.resumeWith(CancellableContinuationImpl.kt:364)] [androidx.compose.ui.input.pointer.SuspendingPointerInputModifierNodeImpl$PointerEventHandlerCoroutine.offerPointerEvent(SuspendingPointerInputFilter.kt:719)] [androidx.compose.ui.input.pointer.SuspendingPointerInputModifierNodeImpl.dispatchPointerEvent(SuspendingPointerInputFilter.kt:598)] [androidx.compose.ui.input.pointer.SuspendingPointerInputModifierNodeImpl.onPointerEvent-H0pRuoY(SuspendingPointerInputFilter.kt:620)] [androidx.compose.foundation.AbstractClickableNode.onPointerEvent-H0pRuoY(Clickable.kt:1044)] [androidx.compose.ui.input.pointer.Node.dispatchMainEventPass(HitPathTracker.kt:387)] [androidx.compose.ui.in
2026-02-27 19:40:33.878 31964-32068 ConnectivityManager     com...e.yicameraprototype.dev.debug  D  StackLog: [android.net.ConnectivityManager.unregisterNetworkCallback(ConnectivityManager.java:5571)] [com.example.yicameraprototype.data.network.CameraNetworkBinder$requestWifiNetwork$2$1$callback$1.onAvailable(CameraNetworkBinder.kt:96)] [android.net.ConnectivityManager$NetworkCallback.onAvailable(ConnectivityManager.java:4212)] [android.net.ConnectivityManager$NetworkCallback.onAvailable(ConnectivityManager.java:4182)] [android.net.ConnectivityManager$CallbackHandler.handleMessage(ConnectivityManager.java:4672)]
2026-02-27 19:40:34.409 31964-31964 Choreographer           com...e.yicameraprototype.dev.debug  I  Skipped 62 frames!  The application may be doing too much work on its main thread.
2026-02-27 19:40:36.855 31964-31964 VRI[MainAc...y]@ae29e83 com...e.yicameraprototype.dev.debug  I  call setFrameRateCategory for touch hint category=no preference, reason=boost timeout, vri=VRI[MainActivity]@ae29e83
2026-02-27 19:40:42.245 31964-31964 VRI[MainAc...y]@ae29e83 com...e.yicameraprototype.dev.debug  I  ViewPostIme pointer 0
2026-02-27 19:40:42.255 31964-31964 VRI[MainAc...y]@ae29e83 com...e.yicameraprototype.dev.debug  I  call setFrameRateCategory for touch hint category=high hint, reason=touch, vri=VRI[MainActivity]@ae29e83
2026-02-27 19:40:42.298 31964-31980 SurfaceView             com...e.yicameraprototype.dev.debug  D  23477192 updateSurfacePosition RenderWorker, frameNr = 45, position = [34, 1706, 1046, 2325] surfaceSize = 1012x619
2026-02-27 19:40:42.299 31964-31980 SV[2347719...nActivity] com...e.yicameraprototype.dev.debug  I  uSP: rtp = Rect(34, 1706 - 1046, 2325) rtsw = 1012 rtsh = 619
2026-02-27 19:40:42.299 31964-31980 SV[2347719...nActivity] com...e.yicameraprototype.dev.debug  I  onSSPAndSRT: pl = 34 pt = 1706 sx = 1.0 sy = 1.0
2026-02-27 19:40:42.299 31964-31980 SV[2347719...nActivity] com...e.yicameraprototype.dev.debug  I  aOrMT: VRI[MainActivity]@ae29e83 t = android.view.SurfaceControl$Transaction@2f9adaa fN = 45 android.view.SurfaceView.-$$Nest$mapplyOrMergeTransaction:0 android.view.SurfaceView$SurfaceViewPositionUpdateListener.positionChanged:1932 android.graphics.RenderNode$CompositePositionUpdateListener.positionChanged:401
2026-02-27 19:40:42.299 31964-31980 VRI[MainAc...y]@ae29e83 com...e.yicameraprototype.dev.debug  I  mWNT: t=0xb400007a96d63010 mBlastBufferQueue=0xb400007a86d955f0 fn= 45 HdrRenderState mRenderHdrSdrRatio=1.0 caller= android.view.SurfaceView.applyOrMergeTransaction:1863 android.view.SurfaceView.-$$Nest$mapplyOrMergeTransaction:0 android.view.SurfaceView$SurfaceViewPositionUpdateListener.positionChanged:1932
2026-02-27 19:40:42.303 31964-31964 SurfaceView             com...e.yicameraprototype.dev.debug  I  23477192 Changes: creating=false format=false size=false visible=false alpha=false hint=false left=false top=true z=false attached=true lifecycleStrategy=false
2026-02-27 19:40:42.303 31964-31964 SurfaceView             com...e.yicameraprototype.dev.debug  I  23477192 Cur surface: Surface(name=null mNativeObject=-5476376619560292000)/@0x5a5c6f2
2026-02-27 19:40:42.303 31964-31964 SurfaceComposerClient   com...e.yicameraprototype.dev.debug  D  setCornerRadius ## 1663bc8 SurfaceView[com.example.yicameraprototype.dev.debug/com.example.yicameraprototype.ui.MainActivity]@0#88556 cornerRadius=0.000000
2026-02-27 19:40:42.303 31964-31964 SV[2347719...nActivity] com...e.yicameraprototype.dev.debug  I  updateSurface: mVisible = true mSurface.isValid() = true
2026-02-27 19:40:42.303 31964-31964 SV[2347719...nActivity] com...e.yicameraprototype.dev.debug  I  updateSurface: mSurfaceCreated = true surfaceChanged = false visibleChanged = false
2026-02-27 19:40:42.303 31964-31964 SurfaceView             com...e.yicameraprototype.dev.debug  V  Layout: x=34 y=1706 w=1012 h=619, frame=Rect(0, 0 - 1012, 619)
2026-02-27 19:40:42.303 31964-31964 VRI[MainAc...y]@ae29e83 com...e.yicameraprototype.dev.debug  I  registerCallbackForPendingTransactions
2026-02-27 19:40:42.306 31964-31980 SurfaceView             com...e.yicameraprototype.dev.debug  D  23477192 updateSurfacePosition RenderWorker, frameNr = 46, position = [34, 1651, 1046, 2270] surfaceSize = 1012x619
2026-02-27 19:40:42.306 31964-31980 SV[2347719...nActivity] com...e.yicameraprototype.dev.debug  I  uSP: rtp = Rect(34, 1651 - 1046, 2270) rtsw = 1012 rtsh = 619
2026-02-27 19:40:42.306 31964-31980 SV[2347719...nActivity] com...e.yicameraprototype.dev.debug  I  onSSPAndSRT: pl = 34 pt = 1651 sx = 1.0 sy = 1.0
2026-02-27 19:40:42.306 31964-31980 SV[2347719...nActivity] com...e.yicameraprototype.dev.debug  I  aOrMT: VRI[MainActivity]@ae29e83 t = android.view.SurfaceControl$Transaction@2f9adaa fN = 46 android.view.SurfaceView.-$$Nest$mapplyOrMergeTransaction:0 android.view.SurfaceView$SurfaceViewPositionUpdateListener.positionChanged:1932 android.graphics.RenderNode$CompositePositionUpdateListener.positionChanged:401
2026-02-27 19:40:42.306 31964-31980 VRI[MainAc...y]@ae29e83 com...e.yicameraprototype.dev.debug  I  mWNT: t=0xb400007a96d63010 mBlastBufferQueue=0xb400007a86d955f0 fn= 46 HdrRenderState mRenderHdrSdrRatio=1.0 caller= android.view.SurfaceView.applyOrMergeTransaction:1863 android.view.SurfaceView.-$$Nest$mapplyOrMergeTransaction:0 android.view.SurfaceView$SurfaceViewPositionUpdateListener.positionChanged:1932
2026-02-27 19:40:42.306 31964-31991 VRI[MainAc...y]@ae29e83 com...e.yicameraprototype.dev.debug  I  mWNT: t=0xb400007a96d70e50 mBlastBufferQueue=0xb400007a86d955f0 fn= 46 HdrRenderState mRenderHdrSdrRatio=1.0 caller= android.view.ViewRootImpl$10.onFrameDraw:6536 android.view.ViewRootImpl$4.onFrameDraw:2489 android.view.ThreadedRenderer$1.onFrameDraw:718
2026-02-27 19:40:42.328 31964-31964 SurfaceView             com...e.yicameraprototype.dev.debug  I  23477192 Changes: creating=false format=false size=false visible=false alpha=false hint=false left=false top=true z=false attached=true lifecycleStrategy=false
2026-02-27 19:40:42.328 31964-31964 SurfaceView             com...e.yicameraprototype.dev.debug  I  23477192 Cur surface: Surface(name=null mNativeObject=-5476376619560292000)/@0x5a5c6f2
2026-02-27 19:40:42.328 31964-31964 SurfaceComposerClient   com...e.yicameraprototype.dev.debug  D  setCornerRadius ## 1663bc8 SurfaceView[com.example.yicameraprototype.dev.debug/com.example.yicameraprototype.ui.MainActivity]@0#88556 cornerRadius=0.000000
2026-02-27 19:40:42.329 31964-31964 SV[2347719...nActivity] com...e.yicameraprototype.dev.debug  I  updateSurface: mVisible = true mSurface.isValid() = true
2026-02-27 19:40:42.329 31964-31964 SV[2347719...nActivity] com...e.yicameraprototype.dev.debug  I  updateSurface: mSurfaceCreated = true surfaceChanged = false visibleChanged = false
2026-02-27 19:40:42.329 31964-31964 SurfaceView             com...e.yicameraprototype.dev.debug  V  Layout: x=34 y=1651 w=1012 h=619, frame=Rect(0, 0 - 1012, 619)
2026-02-27 19:40:42.329 31964-31964 VRI[MainAc...y]@ae29e83 com...e.yicameraprototype.dev.debug  I  registerCallbackForPendingTransactions
2026-02-27 19:40:42.331 31964-31980 SurfaceView             com...e.yicameraprototype.dev.debug  D  23477192 updateSurfacePosition RenderWorker, frameNr = 47, position = [34, 1507, 1046, 2126] surfaceSize = 1012x619
2026-02-27 19:40:42.331 31964-31980 SV[2347719...nActivity] com...e.yicameraprototype.dev.debug  I  uSP: rtp = Rect(34, 1507 - 1046, 2126) rtsw = 1012 rtsh = 619
2026-02-27 19:40:42.331 31964-31980 SV[2347719...nActivity] com...e.yicameraprototype.dev.debug  I  onSSPAndSRT: pl = 34 pt = 1507 sx = 1.0 sy = 1.0
2026-02-27 19:40:42.331 31964-31980 SV[2347719...nActivity] com...e.yicameraprototype.dev.debug  I  aOrMT: VRI[MainActivity]@ae29e83 t = android.view.SurfaceControl$Transaction@2f9adaa fN = 47 android.view.SurfaceView.-$$Nest$mapplyOrMergeTransaction:0 android.view.SurfaceView$SurfaceViewPositionUpdateListener.positionChanged:1932 android.graphics.RenderNode$CompositePositionUpdateListener.positionChanged:401
2026-02-27 19:40:42.331 31964-31980 VRI[MainAc...y]@ae29e83 com...e.yicameraprototype.dev.debug  I  mWNT: t=0xb400007a96d63010 mBlastBufferQueue=0xb400007a86d955f0 fn= 47 HdrRenderState mRenderHdrSdrRatio=1.0 caller= android.view.SurfaceView.applyOrMergeTransaction:1863 android.view.SurfaceView.-$$Nest$mapplyOrMergeTransaction:0 android.view.SurfaceView$SurfaceViewPositionUpdateListener.positionChanged:1932
2026-02-27 19:40:42.332 31964-31990 VRI[MainAc...y]@ae29e83 com...e.yicameraprototype.dev.debug  I  mWNT: t=0xb400007a96d70ad0 mBlastBufferQueue=0xb400007a86d955f0 fn= 47 HdrRenderState mRenderHdrSdrRatio=1.0 caller= android.view.ViewRootImpl$10.onFrameDraw:6536 android.view.ViewRootImpl$4.onFrameDraw:2489 android.view.ThreadedRenderer$1.onFrameDraw:718
2026-02-27 19:40:42.334 31964-31964 VRI[MainAc...y]@ae29e83 com...e.yicameraprototype.dev.debug  I  ViewPostIme pointer 1
2026-02-27 19:40:42.348 31964-31964 SurfaceView             com...e.yicameraprototype.dev.debug  I  23477192 Changes: creating=false format=false size=false visible=false alpha=false hint=false left=false top=true z=false attached=true lifecycleStrategy=false
2026-02-27 19:40:42.348 31964-31964 SurfaceView             com...e.yicameraprototype.dev.debug  I  23477192 Cur surface: Surface(name=null mNativeObject=-5476376619560292000)/@0x5a5c6f2
2026-02-27 19:40:42.348 31964-31964 SurfaceComposerClient   com...e.yicameraprototype.dev.debug  D  setCornerRadius ## 1663bc8 SurfaceView[com.example.yicameraprototype.dev.debug/com.example.yicameraprototype.ui.MainActivity]@0#88556 cornerRadius=0.000000
2026-02-27 19:40:42.348 31964-31964 SV[2347719...nActivity] com...e.yicameraprototype.dev.debug  I  updateSurface: mVisible = true mSurface.isValid() = true
2026-02-27 19:40:42.348 31964-31964 SV[2347719...nActivity] com...e.yicameraprototype.dev.debug  I  updateSurface: mSurfaceCreated = true surfaceChanged = false visibleChanged = false
2026-02-27 19:40:42.348 31964-31964 SurfaceView             com...e.yicameraprototype.dev.debug  V  Layout: x=34 y=1507 w=1012 h=619, frame=Rect(0, 0 - 1012, 619)
2026-02-27 19:40:42.348 31964-31964 VRI[MainAc...y]@ae29e83 com...e.yicameraprototype.dev.debug  I  registerCallbackForPendingTransactions
2026-02-27 19:40:42.350 31964-31980 SurfaceView             com...e.yicameraprototype.dev.debug  D  23477192 updateSurfacePosition RenderWorker, frameNr = 48, position = [34, 1481, 1046, 2100] surfaceSize = 1012x619
2026-02-27 19:40:42.350 31964-31980 SV[2347719...nActivity] com...e.yicameraprototype.dev.debug  I  uSP: rtp = Rect(34, 1481 - 1046, 2100) rtsw = 1012 rtsh = 619
2026-02-27 19:40:42.350 31964-31980 SV[2347719...nActivity] com...e.yicameraprototype.dev.debug  I  onSSPAndSRT: pl = 34 pt = 1481 sx = 1.0 sy = 1.0
2026-02-27 19:40:42.350 31964-31980 SV[2347719...nActivity] com...e.yicameraprototype.dev.debug  I  aOrMT: VRI[MainActivity]@ae29e83 t = android.view.SurfaceControl$Transaction@2f9adaa fN = 48 android.view.SurfaceView.-$$Nest$mapplyOrMergeTransaction:0 android.view.SurfaceView$SurfaceViewPositionUpdateListener.positionChanged:1932 android.graphics.RenderNode$CompositePositionUpdateListener.positionChanged:401
2026-02-27 19:40:42.350 31964-31980 VRI[MainAc...y]@ae29e83 com...e.yicameraprototype.dev.debug  I  mWNT: t=0xb400007a96d63010 mBlastBufferQueue=0xb400007a86d955f0 fn= 48 HdrRenderState mRenderHdrSdrRatio=1.0 caller= android.view.SurfaceView.applyOrMergeTransaction:1863 android.view.SurfaceView.-$$Nest$mapplyOrMergeTransaction:0 android.view.SurfaceView$SurfaceViewPositionUpdateListener.positionChanged:1932
2026-02-27 19:40:42.350 31964-31991 VRI[MainAc...y]@ae29e83 com...e.yicameraprototype.dev.debug  I  mWNT: t=0xb400007a96d7f8d0 mBlastBufferQueue=0xb400007a86d955f0 fn= 48 HdrRenderState mRenderHdrSdrRatio=1.0 caller= android.view.ViewRootImpl$10.onFrameDraw:6536 android.view.ViewRootImpl$4.onFrameDraw:2489 android.view.ThreadedRenderer$1.onFrameDraw:718
2026-02-27 19:40:42.380 31964-31964 SurfaceView             com...e.yicameraprototype.dev.debug  I  23477192 Changes: creating=false format=false size=false visible=false alpha=false hint=false left=false top=true z=false attached=true lifecycleStrategy=false
2026-02-27 19:40:42.381 31964-31964 SurfaceView             com...e.yicameraprototype.dev.debug  I  23477192 Cur surface: Surface(name=null mNativeObject=-5476376619560292000)/@0x5a5c6f2
2026-02-27 19:40:42.381 31964-31964 SurfaceComposerClient   com...e.yicameraprototype.dev.debug  D  setCornerRadius ## 1663bc8 SurfaceView[com.example.yicameraprototype.dev.debug/com.example.yicameraprototype.ui.MainActivity]@0#88556 cornerRadius=0.000000
2026-02-27 19:40:42.381 31964-31964 SV[2347719...nActivity] com...e.yicameraprototype.dev.debug  I  updateSurface: mVisible = true mSurface.isValid() = true
2026-02-27 19:40:42.381 31964-31964 SV[2347719...nActivity] com...e.yicameraprototype.dev.debug  I  updateSurface: mSurfaceCreated = true surfaceChanged = false visibleChanged = false
2026-02-27 19:40:42.381 31964-31964 SurfaceView             com...e.yicameraprototype.dev.debug  V  Layout: x=34 y=1481 w=1012 h=619, frame=Rect(0, 0 - 1012, 619)
2026-02-27 19:40:42.381 31964-31964 VRI[MainAc...y]@ae29e83 com...e.yicameraprototype.dev.debug  I  registerCallbackForPendingTransactions
2026-02-27 19:40:42.384 31964-31980 SurfaceView             com...e.yicameraprototype.dev.debug  D  23477192 updateSurfacePosition RenderWorker, frameNr = 49, position = [34, 1310, 1046, 1929] surfaceSize = 1012x619
2026-02-27 19:40:42.384 31964-31980 SV[2347719...nActivity] com...e.yicameraprototype.dev.debug  I  uSP: rtp = Rect(34, 1310 - 1046, 1929) rtsw = 1012 rtsh = 619
2026-02-27 19:40:42.384 31964-31980 SV[2347719...nActivity] com...e.yicameraprototype.dev.debug  I  onSSPAndSRT: pl = 34 pt = 1310 sx = 1.0 sy = 1.0
2026-02-27 19:40:42.385 31964-31980 SV[2347719...nActivity] com...e.yicameraprototype.dev.debug  I  aOrMT: VRI[MainActivity]@ae29e83 t = android.view.SurfaceControl$Transaction@2f9adaa fN = 49 android.view.SurfaceView.-$$Nest$mapplyOrMergeTransaction:0 android.view.SurfaceView$SurfaceViewPositionUpdateListener.positionChanged:1932 android.graphics.RenderNode$CompositePositionUpdateListener.positionChanged:401
2026-02-27 19:40:42.385 31964-31980 VRI[MainAc...y]@ae29e83 com...e.yicameraprototype.dev.debug  I  mWNT: t=0xb400007a96d63010 mBlastBufferQueue=0xb400007a86d955f0 fn= 49 HdrRenderState mRenderHdrSdrRatio=1.0 caller= android.view.SurfaceView.applyOrMergeTransaction:1863 android.view.SurfaceView.-$$Nest$mapplyOrMergeTransaction:0 android.view.SurfaceView$SurfaceViewPositionUpdateListener.positionChanged:1932
2026-02-27 19:40:42.385 31964-31990 VRI[MainAc...y]@ae29e83 com...e.yicameraprototype.dev.debug  I  mWNT: t=0xb400007a96d70750 mBlastBufferQueue=0xb400007a86d955f0 fn= 49 HdrRenderState mRenderHdrSdrRatio=1.0 caller= android.view.ViewRootImpl$10.onFrameDraw:6536 android.view.ViewRootImpl$4.onFrameDraw:2489 android.view.ThreadedRenderer$1.onFrameDraw:718
2026-02-27 19:40:42.403 31964-31964 SurfaceView             com...e.yicameraprototype.dev.debug  I  23477192 Changes: creating=false format=false size=false visible=false alpha=false hint=false left=false top=true z=false attached=true lifecycleStrategy=false
2026-02-27 19:40:42.403 31964-31964 SurfaceView             com...e.yicameraprototype.dev.debug  I  23477192 Cur surface: Surface(name=null mNativeObject=-5476376619560292000)/@0x5a5c6f2
2026-02-27 19:40:42.403 31964-31964 SurfaceComposerClient   com...e.yicameraprototype.dev.debug  D  setCornerRadius ## 1663bc8 SurfaceView[com.example.yicameraprototype.dev.debug/com.example.yicameraprototype.ui.MainActivity]@0#88556 cornerRadius=0.000000
2026-02-27 19:40:42.403 31964-31964 SV[2347719...nActivity] com...e.yicameraprototype.dev.debug  I  updateSurface: mVisible = true mSurface.isValid() = true
2026-02-27 19:40:42.403 31964-31964 SV[2347719...nActivity] com...e.yicameraprototype.dev.debug  I  updateSurface: mSurfaceCreated = true surfaceChanged = false visibleChanged = false
2026-02-27 19:40:42.403 31964-31964 SurfaceView             com...e.yicameraprototype.dev.debug  V  Layout: x=34 y=1310 w=1012 h=619, frame=Rect(0, 0 - 1012, 619)
2026-02-27 19:40:42.403 31964-31964 VRI[MainAc...y]@ae29e83 com...e.yicameraprototype.dev.debug  I  registerCallbackForPendingTransactions
2026-02-27 19:40:42.406 31964-31980 SurfaceView             com...e.yicameraprototype.dev.debug  D  23477192 updateSurfacePosition RenderWorker, frameNr = 50, position = [34, 960, 1046, 1579] surfaceSize = 1012x619
2026-02-27 19:40:42.406 31964-31980 SV[2347719...nActivity] com...e.yicameraprototype.dev.debug  I  uSP: rtp = Rect(34, 960 - 1046, 1579) rtsw = 1012 rtsh = 619
2026-02-27 19:40:42.406 31964-31980 SV[2347719...nActivity] com...e.yicameraprototype.dev.debug  I  onSSPAndSRT: pl = 34 pt = 960 sx = 1.0 sy = 1.0
2026-02-27 19:40:42.406 31964-31980 SV[2347719...nActivity] com...e.yicameraprototype.dev.debug  I  aOrMT: VRI[MainActivity]@ae29e83 t = android.view.SurfaceControl$Transaction@2f9adaa fN = 50 android.view.SurfaceView.-$$Nest$mapplyOrMergeTransaction:0 android.view.SurfaceView$SurfaceViewPositionUpdateListener.positionChanged:1932 android.graphics.RenderNode$CompositePositionUpdateListener.positionChanged:401
2026-02-27 19:40:42.406 31964-31980 VRI[MainAc...y]@ae29e83 com...e.yicameraprototype.dev.debug  I  mWNT: t=0xb400007a96d63010 mBlastBufferQueue=0xb400007a86d955f0 fn= 50 HdrRenderState mRenderHdrSdrRatio=1.0 caller= android.view.SurfaceView.applyOrMergeTransaction:1863 android.view.SurfaceView.-$$Nest$mapplyOrMergeTransaction:0 android.view.SurfaceView$SurfaceViewPositionUpdateListener.positionChanged:1932
2026-02-27 19:40:42.407 31964-31991 VRI[MainAc...y]@ae29e83 com...e.yicameraprototype.dev.debug  I  mWNT: t=0xb400007a96d6df10 mBlastBufferQueue=0xb400007a86d955f0 fn= 50 HdrRenderState mRenderHdrSdrRatio=1.0 caller= android.view.ViewRootImpl$10.onFrameDraw:6536 android.view.ViewRootImpl$4.onFrameDraw:2489 android.view.ThreadedRenderer$1.onFrameDraw:718
2026-02-27 19:40:42.423 31964-31964 SurfaceView             com...e.yicameraprototype.dev.debug  I  23477192 Changes: creating=false format=false size=false visible=false alpha=false hint=false left=false top=true z=false attached=true lifecycleStrategy=false
2026-02-27 19:40:42.423 31964-31964 SurfaceView             com...e.yicameraprototype.dev.debug  I  23477192 Cur surface: Surface(name=null mNativeObject=-5476376619560292000)/@0x5a5c6f2
2026-02-27 19:40:42.423 31964-31964 SurfaceComposerClient   com...e.yicameraprototype.dev.debug  D  setCornerRadius ## 1663bc8 SurfaceView[com.example.yicameraprototype.dev.debug/com.example.yicameraprototype.ui.MainActivity]@0#88556 cornerRadius=0.000000
2026-02-27 19:40:42.423 31964-31964 SV[2347719...nActivity] com...e.yicameraprototype.dev.debug  I  updateSurface: mVisible = true mSurface.isValid() = true
2026-02-27 19:40:42.423 31964-31964 SV[2347719...nActivity] com...e.yicameraprototype.dev.debug  I  updateSurface: mSurfaceCreated = true surfaceChanged = false visibleChanged = false
2026-02-27 19:40:42.423 31964-31964 SurfaceView             com...e.yicameraprototype.dev.debug  V  Layout: x=34 y=960 w=1012 h=619, frame=Rect(0, 0 - 1012, 619)
2026-02-27 19:40:42.423 31964-31964 VRI[MainAc...y]@ae29e83 com...e.yicameraprototype.dev.debug  I  registerCallbackForPendingTransactions
2026-02-27 19:40:42.425 31964-31980 SurfaceView             com...e.yicameraprototype.dev.debug  D  23477192 updateSurfacePosition RenderWorker, frameNr = 51, position = [34, 822, 1046, 1441] surfaceSize = 1012x619
2026-02-27 19:40:42.425 31964-31980 SV[2347719...nActivity] com...e.yicameraprototype.dev.debug  I  uSP: rtp = Rect(34, 822 - 1046, 1441) rtsw = 1012 rtsh = 619
